01-01 00:00:12.883 I/dalvikvm(  210): threadid=1: recursive native library load attempt (/system/lib/libmedia_jni.so)
01-01 00:00:12.883 I/dalvikvm(  210): threadid=1: recursive native library load attempt (/system/lib/libmedia_jni.so)
01-01 00:00:12.913 D/dalvikvm(  210): GC_EXPLICIT freed 17K, 3% free 924K/944K, paused 0ms+0ms, total 5ms
01-01 00:00:12.913 V/ALSADevice(  212): pcm_open returned fd 23
01-01 00:00:12.913 D/ALSADevice(  212): handle->format: 0x2
01-01 00:00:12.913 D/ALSADevice(  212): setHardwareParams: reqBuffSize 2048 channels 2 sampleRate 48000
01-01 00:00:12.913 D/ALSADevice(  212): setHardwareParams: buffer_size 16384, period_size 2048, period_cnt 8
01-01 00:00:12.913 I/AudioFlinger(  212): HAL output buffer size 512 frames, normal mix buffer size 1024 frames
01-01 00:00:12.933 W/linker  (  210): libsrsprocessing.so has text relocations. This is wasting memory and is a security risk. Please fix.
01-01 00:00:12.943 I/AudioMixer(  212): found effect "Multichannel Downmix To Stereo" from The Android Open Source Project
01-01 00:00:12.943 E/MonoPipe(  212): Failed to fetch local time frequency when constructing a MonoPipe (res = -32).  getNextWriteTimestamp calls will be non-functional
01-01 00:00:13.023 D/dalvikvm(  210): GC_EXPLICIT freed 23K, 3% free 960K/988K, paused 1ms+1ms, total 11ms
01-01 00:00:13.103 D/dalvikvm(  210): GC_EXPLICIT freed 14K, 2% free 999K/1016K, paused 0ms+0ms, total 5ms
01-01 00:00:13.133 D/dalvikvm(  210): GC_EXPLICIT freed 28K, 3% free 1025K/1056K, paused 1ms+0ms, total 4ms
01-01 00:00:13.153 D/dalvikvm(  210): GC_EXPLICIT freed 16K, 2% free 1080K/1100K, paused 0ms+1ms, total 4ms
01-01 00:00:13.173 E/EmojiFactory_jni(  210): Failed to load libemoji.so: dlopen failed: library "libemoji.so" not found
01-01 00:00:13.213 D/dalvikvm(  210): GC_EXPLICIT freed 30K, 3% free 1396K/1428K, paused 1ms+0ms, total 7ms
01-01 00:00:13.243 D/dalvikvm(  210): GC_EXPLICIT freed 35K, 3% free 1420K/1460K, paused 1ms+1ms, total 8ms
01-01 00:00:13.283 D/dalvikvm(  210): GC_EXPLICIT freed 30K, 3% free 1444K/1480K, paused 1ms+1ms, total 7ms
01-01 00:00:13.343 D/dalvikvm(  210): GC_EXPLICIT freed 38K, 3% free 1461K/1504K, paused 0ms+1ms, total 8ms
01-01 00:00:13.383 I/LibraryLoader(  210): loading: webviewchromium
01-01 00:00:13.463 V/NatController(  204): runCmd(/system/bin/iptables -F natctrl_FORWARD) res=0
01-01 00:00:13.483 V/NatController(  204): runCmd(/system/bin/iptables -A natctrl_FORWARD -j DROP) res=0
01-01 00:00:13.493 V/NatController(  204): runCmd(/system/bin/iptables -t nat -F natctrl_nat_POSTROUTING) res=0
01-01 00:00:13.513 V/NatController(  204): runCmd(/system/bin/ip rule flush) res=0
01-01 00:00:13.533 V/NatController(  204): runCmd(/system/bin/ip -6 rule flush) res=0
01-01 00:00:13.553 V/NatController(  204): runCmd(/system/bin/ip rule add from all lookup default prio 32767) res=0
01-01 00:00:13.563 E/QC-time-services(  269): Daemon:genoff_modem_qmi_init: qmi_client_get_service_list returned -2num_services 0
01-01 00:00:13.563 V/NatController(  204): runCmd(/system/bin/ip rule add from all lookup main prio 32766) res=0
01-01 00:00:13.573 V/NatController(  204): runCmd(/system/bin/ip -6 rule add from all lookup default prio 32767) res=0
01-01 00:00:13.583 V/NatController(  204): runCmd(/system/bin/ip -6 rule add from all lookup main prio 32766) res=0
01-01 00:00:13.593 V/NatController(  204): runCmd(/system/bin/ip route flush cache) res=0
01-01 00:00:13.603 V/NatController(  204): runCmd(/system/bin/iptables -F natctrl_FORWARD) res=0
01-01 00:00:13.623 V/NatController(  204): runCmd(/system/bin/iptables -t nat -F natctrl_nat_POSTROUTING) res=0
01-01 00:00:13.633 V/NatController(  204): runCmd(/system/bin/ip route flush cache) res=0
01-01 00:00:13.643 V/NatController(  204): runCmd(/system/bin/iptables -F natctrl_tether_counters) res=1
01-01 00:00:13.653 I/LibraryLoader(  210): loaded: webviewchromium
01-01 00:00:13.653 V/NatController(  204): runCmd(/system/bin/iptables -X natctrl_tether_counters) res=1
01-01 00:00:13.683 V/NatController(  204): runCmd(/system/bin/iptables -N natctrl_tether_counters) res=0
01-01 00:00:13.683 D/dalvikvm(  210): GC_EXPLICIT freed 16K, 2% free 1504K/1524K, paused 1ms+1ms, total 8ms
01-01 00:00:13.814 D/dalvikvm(  210): GC_EXPLICIT freed 25K, 2% free 1532K/1560K, paused 1ms+0ms, total 8ms
01-01 00:00:13.874 D/dalvikvm(  210): GC_EXPLICIT freed 81K, 6% free 1578K/1664K, paused 1ms+1ms, total 8ms
01-01 00:00:13.904 D/dalvikvm(  210): GC_EXPLICIT freed 36K, 5% free 1597K/1664K, paused 1ms+1ms, total 8ms
01-01 00:00:13.934 D/dalvikvm(  210): GC_EXPLICIT freed 31K, 3% free 1622K/1664K, paused 1ms+1ms, total 9ms
01-01 00:00:13.954 D/dalvikvm(  210): GC_EXPLICIT freed 19K, 2% free 1685K/1708K, paused 1ms+1ms, total 9ms
01-01 00:00:13.994 W/QCALOG  (  335): [LOWIClientReceiver] init () - Request Timeout
01-01 00:00:13.994 E/QCALOG  (  335): [LOWIClientReceiver] ~ThreadImpl: thread is probably still running
01-01 00:00:13.994 W/QCALOG  (  335): [LOWIMsgQ] pop 0: deprecated.
01-01 00:00:13.994 I/QCALOG  (  335): [MessageQ_Client] connecting to server [/data/misc/location/mq/location-mq-s]
01-01 00:00:13.994 I/QCALOG  (  335): [MessageQ_Client] connected
01-01 00:00:13.994 W/OSAL    (  335): OS API: quipc_thread_create thread IWMM created on index = 0
01-01 00:00:13.994 W/OSAL    (  335): OS API: quipc_thread_create thread SLIMCW created on index = 1
01-01 00:00:13.994 W/OSAL    (  335): OS API: quipc_thread_create thread SDP created on index = 2
01-01 00:00:13.994 W/OSAL    (  335): OS API: quipc_thread_create thread IPE created on index = 3
01-01 00:00:14.004 E/Diag_Lib(  335):  Diag_LSM_Init: Failed to open handle to diag driver, error = 13
01-01 00:00:14.004 E/IPE     (  335): ipe_thread_init Diag init from IPE failed
01-01 00:00:14.004 W/SDP     (  335): SDP: Thread starting
01-01 00:00:14.004 D/dalvikvm(  210): GC_EXPLICIT freed 23K, 2% free 1716K/1744K, paused 1ms+1ms, total 10ms
01-01 00:00:14.004 W/OSAL    (  335): OS API: quipc_thread_create thread IGSD event recv created on index = 4
01-01 00:00:14.004 E/OSAL    (  335): alarm_service_connect: connect failed: No such file or directory
01-01 00:00:14.004 E/OSAL    (  335): alarm_send_wakeup_time: Invalid socket -1
01-01 00:00:14.004 W/OSAL    (  335): OS API: quipc_thread_create thread IMC created on index = 5
01-01 00:00:14.024 D/dalvikvm(  210): GC_EXPLICIT freed 29K, 2% free 1742K/1776K, paused 1ms+1ms, total 10ms
01-01 00:00:14.114 D/dalvikvm(  210): GC_EXPLICIT freed 457K, 18% free 2122K/2584K, paused 1ms+1ms, total 14ms
01-01 00:00:14.144 D/dalvikvm(  210): GC_EXPLICIT freed 35K, 18% free 2141K/2584K, paused 1ms+1ms, total 17ms
01-01 00:00:14.164 D/dalvikvm(  210): GC_EXPLICIT freed 25K, 16% free 2174K/2584K, paused 1ms+1ms, total 12ms
01-01 00:00:14.164 W/Zygote  (  210): Class not found for preloading: java.lang.UnsafeByteSequence
01-01 00:00:14.184 D/dalvikvm(  210): GC_EXPLICIT freed 35K, 16% free 2194K/2584K, paused 1ms+1ms, total 13ms
01-01 00:00:14.224 D/dalvikvm(  210): GC_EXPLICIT freed 41K, 15% free 2211K/2584K, paused 1ms+1ms, total 14ms
01-01 00:00:14.254 D/dalvikvm(  210): GC_EXPLICIT freed 42K, 14% free 2224K/2584K, paused 2ms+1ms, total 14ms
01-01 00:00:14.334 I/System  (  210): Loaded time zone names for "" in 66ms (62ms in ICU)
01-01 00:00:14.374 I/System  (  210): Loaded time zone names for "en_US" in 46ms (41ms in ICU)
01-01 00:00:14.394 D/dalvikvm(  210): GC_EXPLICIT freed 195K, 12% free 2388K/2692K, paused 1ms+1ms, total 14ms
01-01 00:00:14.414 D/dalvikvm(  210): GC_EXPLICIT freed 14K, 9% free 2453K/2692K, paused 1ms+1ms, total 14ms
01-01 00:00:14.454 D/dalvikvm(  210): GC_EXPLICIT freed 30K, 8% free 2479K/2692K, paused 10ms+2ms, total 30ms
01-01 00:00:14.474 D/dalvikvm(  210): GC_EXPLICIT freed 34K, 8% free 2499K/2692K, paused 1ms+2ms, total 14ms
01-01 00:00:14.494 D/dalvikvm(  210): GC_EXPLICIT freed 32K, 7% free 2520K/2692K, paused 1ms+1ms, total 14ms
01-01 00:00:14.524 D/dalvikvm(  210): GC_EXPLICIT freed 29K, 6% free 2546K/2692K, paused 1ms+1ms, total 15ms
01-01 00:00:14.524 I/Zygote  (  210): ...preloaded 2777 classes in 2755ms.
01-01 00:00:14.815 D/MDnsDS  (  204): MDnsSdListener::Hander starting up
01-01 00:00:14.815 D/MDnsDS  (  204): MDnsSdListener starting to monitor
01-01 00:00:14.815 D/MDnsDS  (  204): Going to poll with pollCount 1
01-01 00:00:14.845 D/dalvikvm(  210): GC_EXPLICIT freed 18K, 6% free 2548K/2692K, paused 1ms+1ms, total 16ms
01-01 00:00:14.845 I/Zygote  (  210): Preloading resources...
01-01 00:00:14.845 W/Resources(  210): Preloaded drawable resource #0x1080096 (android:drawable/toast_frame) that varies with configuration!!
01-01 00:00:14.845 W/Resources(  210): Preloaded drawable resource #0x1080105 (android:drawable/btn_check_on_pressed_holo_light) that varies with configuration!!
01-01 00:00:14.845 W/Resources(  210): Preloaded drawable resource #0x1080104 (android:drawable/btn_check_on_pressed_holo_dark) that varies with configuration!!
01-01 00:00:14.855 W/Resources(  210): Preloaded drawable resource #0x1080102 (android:drawable/btn_check_on_holo_light) that varies with configuration!!
01-01 00:00:14.855 W/Resources(  210): Preloaded drawable resource #0x1080101 (android:drawable/btn_check_on_holo_dark) that varies with configuration!!
01-01 00:00:14.855 W/Resources(  210): Preloaded drawable resource #0x10800ff (android:drawable/btn_check_on_focused_holo_light) that varies with configuration!!
01-01 00:00:14.855 W/Resources(  210): Preloaded drawable resource #0x10800fe (android:drawable/btn_check_on_focused_holo_dark) that varies with configuration!!
01-01 00:00:14.865 D/dalvikvm(  210): GC_EXPLICIT freed 34K, 5% free 2568K/2692K, paused 2ms+2ms, total 15ms
01-01 00:00:14.875 W/Resources(  210): Preloaded drawable resource #0x10800fd (android:drawable/btn_check_on_disabled_holo_light) that varies with configuration!!
01-01 00:00:14.875 W/Resources(  210): Preloaded drawable resource #0x10800fc (android:drawable/btn_check_on_disabled_holo_dark) that varies with configuration!!
01-01 00:00:14.875 W/Resources(  210): Preloaded drawable resource #0x10800fb (android:drawable/btn_check_on_disabled_focused_holo_light) that varies with configuration!!
01-01 00:00:14.875 W/Resources(  210): Preloaded drawable resource #0x10800fa (android:drawable/btn_check_on_disabled_focused_holo_dark) that varies with configuration!!
01-01 00:00:14.875 W/Resources(  210): Preloaded drawable resource #0x10800f2 (android:drawable/btn_check_off_pressed_holo_light) that varies with configuration!!
01-01 00:00:14.875 W/Resources(  210): Preloaded drawable resource #0x10800f1 (android:drawable/btn_check_off_pressed_holo_dark) that varies with configuration!!
01-01 00:00:14.875 W/Resources(  210): Preloaded drawable resource #0x10800ed (android:drawable/btn_check_off_holo_light) that varies with configuration!!
01-01 00:00:14.875 W/Resources(  210): Preloaded drawable resource #0x10800ec (android:drawable/btn_check_off_holo_dark) that varies with configuration!!
01-01 00:00:14.875 W/Resources(  210): Preloaded drawable resource #0x10800ea (android:drawable/btn_check_off_focused_holo_light) that varies with configuration!!
01-01 00:00:14.895 D/dalvikvm(  210): GC_EXPLICIT freed 59K, 5% free 2561K/2692K, paused 1ms+2ms, total 17ms
01-01 00:00:14.895 W/Resources(  210): Preloaded drawable resource #0x10800e9 (android:drawable/btn_check_off_focused_holo_dark) that varies with configuration!!
01-01 00:00:14.895 W/Resources(  210): Preloaded drawable resource #0x10800e8 (android:drawable/btn_check_off_disabled_holo_light) that varies with configuration!!
01-01 00:00:14.895 W/Resources(  210): Preloaded drawable resource #0x10800e7 (android:drawable/btn_check_off_disabled_holo_dark) that varies with configuration!!
01-01 00:00:14.895 W/Resources(  210): Preloaded drawable resource #0x10800e6 (android:drawable/btn_check_off_disabled_focused_holo_light) that varies with configuration!!
01-01 00:00:14.895 W/Resources(  210): Preloaded drawable resource #0x10800e5 (android:drawable/btn_check_off_disabled_focused_holo_dark) that varies with configuration!!
01-01 00:00:14.895 W/Resources(  210): Preloaded drawable resource #0x1080102 (android:drawable/btn_check_on_holo_light) that varies with configuration!!
01-01 00:00:14.905 W/Resources(  210): Preloaded drawable resource #0x10800ed (android:drawable/btn_check_off_holo_light) that varies with configuration!!
01-01 00:00:14.905 W/Resources(  210): Preloaded drawable resource #0x1080105 (android:drawable/btn_check_on_pressed_holo_light) that varies with configuration!!
01-01 00:00:14.905 W/Resources(  210): Preloaded drawable resource #0x10800f2 (android:drawable/btn_check_off_pressed_holo_light) that varies with configuration!!
01-01 00:00:14.905 W/Resources(  210): Preloaded drawable resource #0x10800ff (android:drawable/btn_check_on_focused_holo_light) that varies with configuration!!
01-01 00:00:14.905 W/Resources(  210): Preloaded drawable resource #0x10800ea (android:drawable/btn_check_off_focused_holo_light) that varies with configuration!!
01-01 00:00:14.905 W/Resources(  210): Preloaded drawable resource #0x10800ed (android:drawable/btn_check_off_holo_light) that varies with configuration!!
01-01 00:00:14.905 W/Resources(  210): Preloaded drawable resource #0x1080102 (android:drawable/btn_check_on_holo_light) that varies with configuration!!
01-01 00:00:14.905 W/Resources(  210): Preloaded drawable resource #0x10800fd (android:drawable/btn_check_on_disabled_holo_light) that varies with configuration!!
01-01 00:00:14.905 W/Resources(  210): Preloaded drawable resource #0x10800e8 (android:drawable/btn_check_off_disabled_holo_light) that varies with configuration!!
01-01 00:00:14.905 W/Resources(  210): Preloaded drawable resource #0x10800fb (android:drawable/btn_check_on_disabled_focused_holo_light) that varies with configuration!!
01-01 00:00:14.905 W/Resources(  210): Preloaded drawable resource #0x10800e6 (android:drawable/btn_check_off_disabled_focused_holo_light) that varies with configuration!!
01-01 00:00:14.905 W/Resources(  210): Preloaded drawable resource #0x10800e8 (android:drawable/btn_check_off_disabled_holo_light) that varies with configuration!!
01-01 00:00:14.905 W/Resources(  210): Preloaded drawable resource #0x10800fd (android:drawable/btn_check_on_disabled_holo_light) that varies with configuration!!
01-01 00:00:14.915 W/Resources(  210): Preloaded drawable resource #0x10800dc (android:drawable/btn_check_holo_light) that varies with configuration!!
01-01 00:00:14.925 D/dalvikvm(  210): GC_EXPLICIT freed 108K, 6% free 2565K/2708K, paused 2ms+1ms, total 16ms
01-01 00:00:14.925 W/Resources(  210): Preloaded drawable resource #0x1080101 (android:drawable/btn_check_on_holo_dark) that varies with configuration!!
01-01 00:00:14.925 W/Resources(  210): Preloaded drawable resource #0x10800ec (android:drawable/btn_check_off_holo_dark) that varies with configuration!!
01-01 00:00:14.925 W/Resources(  210): Preloaded drawable resource #0x1080104 (android:drawable/btn_check_on_pressed_holo_dark) that varies with configuration!!
01-01 00:00:14.935 W/Resources(  210): Preloaded drawable resource #0x10800f1 (android:drawable/btn_check_off_pressed_holo_dark) that varies with configuration!!
01-01 00:00:14.935 W/Resources(  210): Preloaded drawable resource #0x10800fe (android:drawable/btn_check_on_focused_holo_dark) that varies with configuration!!
01-01 00:00:14.935 W/Resources(  210): Preloaded drawable resource #0x10800e9 (android:drawable/btn_check_off_focused_holo_dark) that varies with configuration!!
01-01 00:00:14.935 W/Resources(  210): Preloaded drawable resource #0x10800ec (android:drawable/btn_check_off_holo_dark) that varies with configuration!!
01-01 00:00:14.935 W/Resources(  210): Preloaded drawable resource #0x1080101 (android:drawable/btn_check_on_holo_dark) that varies with configuration!!
01-01 00:00:14.935 W/Resources(  210): Preloaded drawable resource #0x10800fc (android:drawable/btn_check_on_disabled_holo_dark) that varies with configuration!!
01-01 00:00:14.935 W/Resources(  210): Preloaded drawable resource #0x10800e7 (android:drawable/btn_check_off_disabled_holo_dark) that varies with configuration!!
01-01 00:00:14.935 W/Resources(  210): Preloaded drawable resource #0x10800fa (android:drawable/btn_check_on_disabled_focused_holo_dark) that varies with configuration!!
01-01 00:00:14.935 W/Resources(  210): Preloaded drawable resource #0x10800e5 (android:drawable/btn_check_off_disabled_focused_holo_dark) that varies with configuration!!
01-01 00:00:14.935 W/Resources(  210): Preloaded drawable resource #0x10800e7 (android:drawable/btn_check_off_disabled_holo_dark) that varies with configuration!!
01-01 00:00:14.935 W/Resources(  210): Preloaded drawable resource #0x10800fc (android:drawable/btn_check_on_disabled_holo_dark) that varies with configuration!!
01-01 00:00:14.935 W/Resources(  210): Preloaded drawable resource #0x10800db (android:drawable/btn_check_holo_dark) that varies with configuration!!
01-01 00:00:14.955 D/dalvikvm(  210): GC_EXPLICIT freed 84K, 6% free 2565K/2708K, paused 1ms+2ms, total 15ms
01-01 00:00:14.955 W/Resources(  210): Preloaded drawable resource #0x1080195 (android:drawable/btn_radio_on_pressed_holo_light) that varies with configuration!!
01-01 00:00:14.955 W/Resources(  210): Preloaded drawable resource #0x1080194 (android:drawable/btn_radio_on_pressed_holo_dark) that varies with configuration!!
01-01 00:00:14.955 W/Resources(  210): Preloaded drawable resource #0x1080192 (android:drawable/btn_radio_on_holo_light) that varies with configuration!!
01-01 00:00:14.955 W/Resources(  210): Preloaded drawable resource #0x1080191 (android:drawable/btn_radio_on_holo_dark) that varies with configuration!!
01-01 00:00:14.965 W/Resources(  210): Preloaded drawable resource #0x108018f (android:drawable/btn_radio_on_focused_holo_light) that varies with configuration!!
01-01 00:00:14.965 W/Resources(  210): Preloaded drawable resource #0x108018e (android:drawable/btn_radio_on_focused_holo_dark) that varies with configuration!!
01-01 00:00:14.965 W/Resources(  210): Preloaded drawable resource #0x108018d (android:drawable/btn_radio_on_disabled_holo_light) that varies with configuration!!
01-01 00:00:14.965 W/Resources(  210): Preloaded drawable resource #0x108018c (android:drawable/btn_radio_on_disabled_holo_dark) that varies with configuration!!
01-01 00:00:14.965 W/Resources(  210): Preloaded drawable resource #0x108018b (android:drawable/btn_radio_on_disabled_focused_holo_light) that varies with configuration!!
01-01 00:00:14.965 D/dalvikvm(  210): WAIT_FOR_CONCURRENT_GC blocked 1ms
01-01 00:00:14.985 D/dalvikvm(  210): GC_EXPLICIT freed 53K, 6% free 2565K/2708K, paused 1ms+2ms, total 15ms
01-01 00:00:14.985 W/Resources(  210): Preloaded drawable resource #0x108018a (android:drawable/btn_radio_on_disabled_focused_holo_dark) that varies with configuration!!
01-01 00:00:14.985 W/Resources(  210): Preloaded drawable resource #0x1080187 (android:drawable/btn_radio_off_pressed_holo_light) that varies with configuration!!
01-01 00:00:14.985 W/Resources(  210): Preloaded drawable resource #0x1080186 (android:drawable/btn_radio_off_pressed_holo_dark) that varies with configuration!!
01-01 00:00:14.985 W/Resources(  210): Preloaded drawable resource #0x1080184 (android:drawable/btn_radio_off_holo_light) that varies with configuration!!
01-01 00:00:14.985 W/Resources(  210): Preloaded drawable resource #0x1080183 (android:drawable/btn_radio_off_holo_dark) that varies with configuration!!
01-01 00:00:14.985 W/Resources(  210): Preloaded drawable resource #0x1080181 (android:drawable/btn_radio_off_focused_holo_light) that varies with configuration!!
01-01 00:00:14.985 W/Resources(  210): Preloaded drawable resource #0x1080180 (android:drawable/btn_radio_off_focused_holo_dark) that varies with configuration!!
01-01 00:00:14.985 W/Resources(  210): Preloaded drawable resource #0x108017f (android:drawable/btn_radio_off_disabled_holo_light) that varies with configuration!!
01-01 00:00:14.985 W/Resources(  210): Preloaded drawable resource #0x108017e (android:drawable/btn_radio_off_disabled_holo_dark) that varies with configuration!!
01-01 00:00:15.005 D/dalvikvm(  210): GC_EXPLICIT freed 51K, 6% free 2566K/2708K, paused 1ms+1ms, total 15ms
01-01 00:00:15.005 W/Resources(  210): Preloaded drawable resource #0x108017d (android:drawable/btn_radio_off_disabled_focused_holo_light) that varies with configuration!!
01-01 00:00:15.005 W/Resources(  210): Preloaded drawable resource #0x108017c (android:drawable/btn_radio_off_disabled_focused_holo_dark) that varies with configuration!!
01-01 00:00:15.005 W/Resources(  210): Preloaded drawable resource #0x1080128 (android:drawable/btn_default_pressed_holo_light) that varies with configuration!!
01-01 00:00:15.005 W/Resources(  210): Preloaded drawable resource #0x1080127 (android:drawable/btn_default_pressed_holo_dark) that varies with configuration!!
01-01 00:00:15.005 W/Resources(  210): Preloaded drawable resource #0x1080124 (android:drawable/btn_default_normal_holo_light) that varies with configuration!!
01-01 00:00:15.015 W/Resources(  210): Preloaded drawable resource #0x1080123 (android:drawable/btn_default_normal_holo_dark) that varies with configuration!!
01-01 00:00:15.015 W/Resources(  210): Preloaded drawable resource #0x108011c (android:drawable/btn_default_focused_holo_light) that varies with configuration!!
01-01 00:00:15.015 W/Resources(  210): Preloaded drawable resource #0x108011b (android:drawable/btn_default_focused_holo_dark) that varies with configuration!!
01-01 00:00:15.015 W/Resources(  210): Preloaded drawable resource #0x1080119 (android:drawable/btn_default_disabled_holo_light) that varies with configuration!!
01-01 00:00:15.015 W/Resources(  210): Preloaded drawable resource #0x1080118 (android:drawable/btn_default_disabled_holo_dark) that varies with configuration!!
01-01 00:00:15.025 D/dalvikvm(  210): GC_EXPLICIT freed 24K, 5% free 2595K/2708K, paused 1ms+1ms, total 16ms
01-01 00:00:15.035 W/Resources(  210): Preloaded drawable resource #0x1080116 (android:drawable/btn_default_disabled_focused_holo_light) that varies with configuration!!
01-01 00:00:15.035 W/Resources(  210): Preloaded drawable resource #0x1080115 (android:drawable/btn_default_disabled_focused_holo_dark) that varies with configuration!!
01-01 00:00:15.035 W/Resources(  210): Preloaded drawable resource #0x1080123 (android:drawable/btn_default_normal_holo_dark) that varies with configuration!!
01-01 00:00:15.035 W/Resources(  210): Preloaded drawable resource #0x1080118 (android:drawable/btn_default_disabled_holo_dark) that varies with configuration!!
01-01 00:00:15.035 W/Resources(  210): Preloaded drawable resource #0x1080127 (android:drawable/btn_default_pressed_holo_dark) that varies with configuration!!
01-01 00:00:15.035 W/Resources(  210): Preloaded drawable resource #0x108011b (android:drawable/btn_default_focused_holo_dark) that varies with configuration!!
01-01 00:00:15.035 W/Resources(  210): Preloaded drawable resource #0x1080123 (android:drawable/btn_default_normal_holo_dark) that varies with configuration!!
01-01 00:00:15.035 W/Resources(  210): Preloaded drawable resource #0x1080115 (android:drawable/btn_default_disabled_focused_holo_dark) that varies with configuration!!
01-01 00:00:15.035 W/Resources(  210): Preloaded drawable resource #0x1080118 (android:drawable/btn_default_disabled_holo_dark) that varies with configuration!!
01-01 00:00:15.035 W/Resources(  210): Preloaded drawable resource #0x108011d (android:drawable/btn_default_holo_dark) that varies with configuration!!
01-01 00:00:15.045 W/Resources(  210): Preloaded drawable resource #0x1080124 (android:drawable/btn_default_normal_holo_light) that varies with configuration!!
01-01 00:00:15.045 W/Resources(  210): Preloaded drawable resource #0x1080119 (android:drawable/btn_default_disabled_holo_light) that varies with configuration!!
01-01 00:00:15.045 W/Resources(  210): Preloaded drawable resource #0x1080128 (android:drawable/btn_default_pressed_holo_light) that varies with configuration!!
01-01 00:00:15.045 W/Resources(  210): Preloaded drawable resource #0x108011c (android:drawable/btn_default_focused_holo_light) that varies with configuration!!
01-01 00:00:15.045 W/Resources(  210): Preloaded drawable resource #0x1080124 (android:drawable/btn_default_normal_holo_light) that varies with configuration!!
01-01 00:00:15.045 W/Resources(  210): Preloaded drawable resource #0x1080116 (android:drawable/btn_default_disabled_focused_holo_light) that varies with configuration!!
01-01 00:00:15.045 W/Resources(  210): Preloaded drawable resource #0x1080119 (android:drawable/btn_default_disabled_holo_light) that varies with configuration!!
01-01 00:00:15.055 W/Resources(  210): Preloaded drawable resource #0x108011e (android:drawable/btn_default_holo_light) that varies with configuration!!
01-01 00:00:15.065 D/dalvikvm(  210): GC_EXPLICIT freed 55K, 4% free 2626K/2708K, paused 1ms+1ms, total 15ms
01-01 00:00:15.065 W/Resources(  210): Preloaded drawable resource #0x10801d1 (android:drawable/btn_star_off_normal_holo_light) that varies with configuration!!
01-01 00:00:15.075 W/Resources(  210): Preloaded drawable resource #0x10801db (android:drawable/btn_star_on_normal_holo_light) that varies with configuration!!
01-01 00:00:15.075 W/Resources(  210): Preloaded drawable resource #0x10801d7 (android:drawable/btn_star_on_disabled_holo_light) that varies with configuration!!
01-01 00:00:15.075 W/Resources(  210): Preloaded drawable resource #0x10801cd (android:drawable/btn_star_off_disabled_holo_light) that varies with configuration!!
01-01 00:00:15.075 W/Resources(  210): Preloaded drawable resource #0x10801dd (android:drawable/btn_star_on_pressed_holo_light) that varies with configuration!!
01-01 00:00:15.075 W/Resources(  210): Preloaded drawable resource #0x10801d3 (android:drawable/btn_star_off_pressed_holo_light) that varies with configuration!!
01-01 00:00:15.075 W/Resources(  210): Preloaded drawable resource #0x10801d9 (android:drawable/btn_star_on_focused_holo_light) that varies with configuration!!
01-01 00:00:15.075 W/Resources(  210): Preloaded drawable resource #0x10801cf (android:drawable/btn_star_off_focused_holo_light) that varies with configuration!!
01-01 00:00:15.075 W/Resources(  210): Preloaded drawable resource #0x10801d5 (android:drawable/btn_star_on_disabled_focused_holo_light) that varies with configuration!!
01-01 00:00:15.095 D/dalvikvm(  210): GC_EXPLICIT freed 108K, 6% free 2571K/2716K, paused 1ms+1ms, total 15ms
01-01 00:00:15.095 W/Resources(  210): Preloaded drawable resource #0x10801cb (android:drawable/btn_star_off_disabled_focused_holo_light) that varies with configuration!!
01-01 00:00:15.095 W/Resources(  210): Preloaded drawable resource #0x10801d1 (android:drawable/btn_star_off_normal_holo_light) that varies with configuration!!
01-01 00:00:15.095 W/Resources(  210): Preloaded drawable resource #0x10801db (android:drawable/btn_star_on_normal_holo_light) that varies with configuration!!
01-01 00:00:15.095 W/Resources(  210): Preloaded drawable resource #0x10801d7 (android:drawable/btn_star_on_disabled_holo_light) that varies with configuration!!
01-01 00:00:15.095 W/Resources(  210): Preloaded drawable resource #0x10801cd (android:drawable/btn_star_off_disabled_holo_light) that varies with configuration!!
01-01 00:00:15.095 W/Resources(  210): Preloaded drawable resource #0x10801dd (android:drawable/btn_star_on_pressed_holo_light) that varies with configuration!!
01-01 00:00:15.095 W/Resources(  210): Preloaded drawable resource #0x10801d3 (android:drawable/btn_star_off_pressed_holo_light) that varies with configuration!!
01-01 00:00:15.095 W/Resources(  210): Preloaded drawable resource #0x10801d9 (android:drawable/btn_star_on_focused_holo_light) that varies with configuration!!
01-01 00:00:15.095 W/Resources(  210): Preloaded drawable resource #0x10801cf (android:drawable/btn_star_off_focused_holo_light) that varies with configuration!!
01-01 00:00:15.095 W/Resources(  210): Preloaded drawable resource #0x10801d5 (android:drawable/btn_star_on_disabled_focused_holo_light) that varies with configuration!!
01-01 00:00:15.095 W/Resources(  210): Preloaded drawable resource #0x10801d7 (android:drawable/btn_star_on_disabled_holo_light) that varies with configuration!!
01-01 00:00:15.105 W/Resources(  210): Preloaded drawable resource #0x10801cb (android:drawable/btn_star_off_disabled_focused_holo_light) that varies with configuration!!
01-01 00:00:15.105 W/Resources(  210): Preloaded drawable resource #0x10801cd (android:drawable/btn_star_off_disabled_holo_light) that varies with configuration!!
01-01 00:00:15.105 W/Resources(  210): Preloaded drawable resource #0x10801d1 (android:drawable/btn_star_off_normal_holo_light) that varies with configuration!!
01-01 00:00:15.105 W/Resources(  210): Preloaded drawable resource #0x10801db (android:drawable/btn_star_on_normal_holo_light) that varies with configuration!!
01-01 00:00:15.105 W/Resources(  210): Preloaded drawable resource #0x10801c8 (android:drawable/btn_star_holo_light) that varies with configuration!!
01-01 00:00:15.115 D/dalvikvm(  210): GC_EXPLICIT freed 86K, 6% free 2573K/2716K, paused 1ms+1ms, total 16ms
01-01 00:00:15.115 W/Resources(  210): Preloaded drawable resource #0x10801d0 (android:drawable/btn_star_off_normal_holo_dark) that varies with configuration!!
01-01 00:00:15.125 W/Resources(  210): Preloaded drawable resource #0x10801da (android:drawable/btn_star_on_normal_holo_dark) that varies with configuration!!
01-01 00:00:15.125 W/Resources(  210): Preloaded drawable resource #0x10801d6 (android:drawable/btn_star_on_disabled_holo_dark) that varies with configuration!!
01-01 00:00:15.125 W/Resources(  210): Preloaded drawable resource #0x10801cc (android:drawable/btn_star_off_disabled_holo_dark) that varies with configuration!!
01-01 00:00:15.125 W/Resources(  210): Preloaded drawable resource #0x10801dc (android:drawable/btn_star_on_pressed_holo_dark) that varies with configuration!!
01-01 00:00:15.125 W/Resources(  210): Preloaded drawable resource #0x10801d2 (android:drawable/btn_star_off_pressed_holo_dark) that varies with configuration!!
01-01 00:00:15.125 W/Resources(  210): Preloaded drawable resource #0x10801d8 (android:drawable/btn_star_on_focused_holo_dark) that varies with configuration!!
01-01 00:00:15.125 W/Resources(  210): Preloaded drawable resource #0x10801ce (android:drawable/btn_star_off_focused_holo_dark) that varies with configuration!!
01-01 00:00:15.125 W/Resources(  210): Preloaded drawable resource #0x10801d4 (android:drawable/btn_star_on_disabled_focused_holo_dark) that varies with configuration!!
01-01 00:00:15.145 D/dalvikvm(  210): GC_EXPLICIT freed 53K, 6% free 2573K/2716K, paused 1ms+1ms, total 15ms
01-01 00:00:15.145 W/Resources(  210): Preloaded drawable resource #0x10801ca (android:drawable/btn_star_off_disabled_focused_holo_dark) that varies with configuration!!
01-01 00:00:15.145 W/Resources(  210): Preloaded drawable resource #0x10801d0 (android:drawable/btn_star_off_normal_holo_dark) that varies with configuration!!
01-01 00:00:15.145 W/Resources(  210): Preloaded drawable resource #0x10801da (android:drawable/btn_star_on_normal_holo_dark) that varies with configuration!!
01-01 00:00:15.145 W/Resources(  210): Preloaded drawable resource #0x10801d6 (android:drawable/btn_star_on_disabled_holo_dark) that varies with configuration!!
01-01 00:00:15.145 W/Resources(  210): Preloaded drawable resource #0x10801cc (android:drawable/btn_star_off_disabled_holo_dark) that varies with configuration!!
01-01 00:00:15.145 W/Resources(  210): Preloaded drawable resource #0x10801dc (android:drawable/btn_star_on_pressed_holo_dark) that varies with configuration!!
01-01 00:00:15.145 W/Resources(  210): Preloaded drawable resource #0x10801d2 (android:drawable/btn_star_off_pressed_holo_dark) that varies with configuration!!
01-01 00:00:15.145 W/Resources(  210): Preloaded drawable resource #0x10801d8 (android:drawable/btn_star_on_focused_holo_dark) that varies with configuration!!
01-01 00:00:15.145 W/Resources(  210): Preloaded drawable resource #0x10801ce (android:drawable/btn_star_off_focused_holo_dark) that varies with configuration!!
01-01 00:00:15.145 W/Resources(  210): Preloaded drawable resource #0x10801d4 (android:drawable/btn_star_on_disabled_focused_holo_dark) that varies with configuration!!
01-01 00:00:15.145 W/Resources(  210): Preloaded drawable resource #0x10801d6 (android:drawable/btn_star_on_disabled_holo_dark) that varies with configuration!!
01-01 00:00:15.155 W/Resources(  210): Preloaded drawable resource #0x10801ca (android:drawable/btn_star_off_disabled_focused_holo_dark) that varies with configuration!!
01-01 00:00:15.155 W/Resources(  210): Preloaded drawable resource #0x10801cc (android:drawable/btn_star_off_disabled_holo_dark) that varies with configuration!!
01-01 00:00:15.155 W/Resources(  210): Preloaded drawable resource #0x10801d0 (android:drawable/btn_star_off_normal_holo_dark) that varies with configuration!!
01-01 00:00:15.155 W/Resources(  210): Preloaded drawable resource #0x10801da (android:drawable/btn_star_on_normal_holo_dark) that varies with configuration!!
01-01 00:00:15.155 W/Resources(  210): Preloaded drawable resource #0x10801c7 (android:drawable/btn_star_holo_dark) that varies with configuration!!
01-01 00:00:15.165 D/dalvikvm(  210): GC_EXPLICIT freed 86K, 6% free 2575K/2716K, paused 1ms+1ms, total 15ms
01-01 00:00:15.175 W/Resources(  210): Preloaded drawable resource #0x10801f7 (android:drawable/btn_toggle_on_pressed_holo_light) that varies with configuration!!
01-01 00:00:15.175 W/Resources(  210): Preloaded drawable resource #0x10801f6 (android:drawable/btn_toggle_on_pressed_holo_dark) that varies with configuration!!
01-01 00:00:15.175 W/Resources(  210): Preloaded drawable resource #0x10801f5 (android:drawable/btn_toggle_on_normal_holo_light) that varies with configuration!!
01-01 00:00:15.175 W/Resources(  210): Preloaded drawable resource #0x10801f4 (android:drawable/btn_toggle_on_normal_holo_dark) that varies with configuration!!
01-01 00:00:15.175 W/Resources(  210): Preloaded drawable resource #0x10801f3 (android:drawable/btn_toggle_on_focused_holo_light) that varies with configuration!!
01-01 00:00:15.175 W/Resources(  210): Preloaded drawable resource #0x10801f2 (android:drawable/btn_toggle_on_focused_holo_dark) that varies with configuration!!
01-01 00:00:15.175 W/Resources(  210): Preloaded drawable resource #0x10801f1 (android:drawable/btn_toggle_on_disabled_holo_light) that varies with configuration!!
01-01 00:00:15.175 W/Resources(  210): Preloaded drawable resource #0x10801f0 (android:drawable/btn_toggle_on_disabled_holo_dark) that varies with configuration!!
01-01 00:00:15.175 W/Resources(  210): Preloaded drawable resource #0x10801ef (android:drawable/btn_toggle_on_disabled_focused_holo_light) that varies with configuration!!
01-01 00:00:15.175 W/Resources(  210): Preloaded drawable resource #0x10801ee (android:drawable/btn_toggle_on_disabled_focused_holo_dark) that varies with configuration!!
01-01 00:00:15.195 D/dalvikvm(  210): GC_EXPLICIT freed 18K, 4% free 2610K/2716K, paused 2ms+1ms, total 16ms
01-01 00:00:15.195 W/Resources(  210): Preloaded drawable resource #0x10801ec (android:drawable/btn_toggle_off_pressed_holo_light) that varies with configuration!!
01-01 00:00:15.195 W/Resources(  210): Preloaded drawable resource #0x10801eb (android:drawable/btn_toggle_off_pressed_holo_dark) that varies with configuration!!
01-01 00:00:15.195 W/Resources(  210): Preloaded drawable resource #0x10801ea (android:drawable/btn_toggle_off_normal_holo_light) that varies with configuration!!
01-01 00:00:15.195 W/Resources(  210): Preloaded drawable resource #0x10801e9 (android:drawable/btn_toggle_off_normal_holo_dark) that varies with configuration!!
01-01 00:00:15.195 W/Resources(  210): Preloaded drawable resource #0x10801e8 (android:drawable/btn_toggle_off_focused_holo_light) that varies with configuration!!
01-01 00:00:15.195 W/Resources(  210): Preloaded drawable resource #0x10801e7 (android:drawable/btn_toggle_off_focused_holo_dark) that varies with configuration!!
01-01 00:00:15.195 W/Resources(  210): Preloaded drawable resource #0x10801e6 (android:drawable/btn_toggle_off_disabled_holo_light) that varies with configuration!!
01-01 00:00:15.195 W/Resources(  210): Preloaded drawable resource #0x10801e5 (android:drawable/btn_toggle_off_disabled_holo_dark) that varies with configuration!!
01-01 00:00:15.205 W/Resources(  210): Preloaded drawable resource #0x10801e4 (android:drawable/btn_toggle_off_disabled_focused_holo_light) that varies with configuration!!
01-01 00:00:15.205 W/Resources(  210): Preloaded drawable resource #0x10801e3 (android:drawable/btn_toggle_off_disabled_focused_holo_dark) that varies with configuration!!
01-01 00:00:15.215 D/dalvikvm(  210): GC_EXPLICIT freed 51K, 4% free 2611K/2716K, paused 1ms+1ms, total 16ms
01-01 00:00:15.215 W/Resources(  210): Preloaded drawable resource #0x10801f5 (android:drawable/btn_toggle_on_normal_holo_light) that varies with configuration!!
01-01 00:00:15.215 W/Resources(  210): Preloaded drawable resource #0x10801f1 (android:drawable/btn_toggle_on_disabled_holo_light) that varies with configuration!!
01-01 00:00:15.225 W/Resources(  210): Preloaded drawable resource #0x10801f7 (android:drawable/btn_toggle_on_pressed_holo_light) that varies with configuration!!
01-01 00:00:15.225 W/Resources(  210): Preloaded drawable resource #0x10801f3 (android:drawable/btn_toggle_on_focused_holo_light) that varies with configuration!!
01-01 00:00:15.225 W/Resources(  210): Preloaded drawable resource #0x10801f5 (android:drawable/btn_toggle_on_normal_holo_light) that varies with configuration!!
01-01 00:00:15.225 W/Resources(  210): Preloaded drawable resource #0x10801ef (android:drawable/btn_toggle_on_disabled_focused_holo_light) that varies with configuration!!
01-01 00:00:15.225 W/Resources(  210): Preloaded drawable resource #0x10801f1 (android:drawable/btn_toggle_on_disabled_holo_light) that varies with configuration!!
01-01 00:00:15.225 W/Resources(  210): Preloaded drawable resource #0x10801ea (android:drawable/btn_toggle_off_normal_holo_light) that varies with configuration!!
01-01 00:00:15.225 W/Resources(  210): Preloaded drawable resource #0x10801e6 (android:drawable/btn_toggle_off_disabled_holo_light) that varies with configuration!!
01-01 00:00:15.225 W/Resources(  210): Preloaded drawable resource #0x10801ec (android:drawable/btn_toggle_off_pressed_holo_light) that varies with configuration!!
01-01 00:00:15.225 W/Resources(  210): Preloaded drawable resource #0x10801e8 (android:drawable/btn_toggle_off_focused_holo_light) that varies with configuration!!
01-01 00:00:15.225 W/Resources(  210): Preloaded drawable resource #0x10801ea (android:drawable/btn_toggle_off_normal_holo_light) that varies with configuration!!
01-01 00:00:15.225 W/Resources(  210): Preloaded drawable resource #0x10801e4 (android:drawable/btn_toggle_off_disabled_focused_holo_light) that varies with configuration!!
01-01 00:00:15.225 W/Resources(  210): Preloaded drawable resource #0x10801e6 (android:drawable/btn_toggle_off_disabled_holo_light) that varies with configuration!!
01-01 00:00:15.235 W/Resources(  210): Preloaded drawable resource #0x10801e1 (android:drawable/btn_toggle_holo_light) that varies with configuration!!
01-01 00:00:15.245 D/dalvikvm(  210): GC_EXPLICIT freed 59K, 4% free 2627K/2716K, paused 1ms+1ms, total 15ms
01-01 00:00:15.245 W/Resources(  210): Preloaded drawable resource #0x10801f4 (android:drawable/btn_toggle_on_normal_holo_dark) that varies with configuration!!
01-01 00:00:15.245 W/Resources(  210): Preloaded drawable resource #0x10801f0 (android:drawable/btn_toggle_on_disabled_holo_dark) that varies with configuration!!
01-01 00:00:15.245 W/Resources(  210): Preloaded drawable resource #0x10801f6 (android:drawable/btn_toggle_on_pressed_holo_dark) that varies with configuration!!
01-01 00:00:15.245 W/Resources(  210): Preloaded drawable resource #0x10801f2 (android:drawable/btn_toggle_on_focused_holo_dark) that varies with configuration!!
01-01 00:00:15.245 W/Resources(  210): Preloaded drawable resource #0x10801f4 (android:drawable/btn_toggle_on_normal_holo_dark) that varies with configuration!!
01-01 00:00:15.245 W/Resources(  210): Preloaded drawable resource #0x10801ee (android:drawable/btn_toggle_on_disabled_focused_holo_dark) that varies with configuration!!
01-01 00:00:15.245 W/Resources(  210): Preloaded drawable resource #0x10801f0 (android:drawable/btn_toggle_on_disabled_holo_dark) that varies with configuration!!
01-01 00:00:15.255 W/Resources(  210): Preloaded drawable resource #0x10801e9 (android:drawable/btn_toggle_off_normal_holo_dark) that varies with configuration!!
01-01 00:00:15.255 W/Resources(  210): Preloaded drawable resource #0x10801e5 (android:drawable/btn_toggle_off_disabled_holo_dark) that varies with configuration!!
01-01 00:00:15.255 W/Resources(  210): Preloaded drawable resource #0x10801eb (android:drawable/btn_toggle_off_pressed_holo_dark) that varies with configuration!!
01-01 00:00:15.255 W/Resources(  210): Preloaded drawable resource #0x10801e7 (android:drawable/btn_toggle_off_focused_holo_dark) that varies with configuration!!
01-01 00:00:15.255 W/Resources(  210): Preloaded drawable resource #0x10801e9 (android:drawable/btn_toggle_off_normal_holo_dark) that varies with configuration!!
01-01 00:00:15.255 W/Resources(  210): Preloaded drawable resource #0x10801e3 (android:drawable/btn_toggle_off_disabled_focused_holo_dark) that varies with configuration!!
01-01 00:00:15.255 W/Resources(  210): Preloaded drawable resource #0x10801e5 (android:drawable/btn_toggle_off_disabled_holo_dark) that varies with configuration!!
01-01 00:00:15.255 W/Resources(  210): Preloaded drawable resource #0x10801e0 (android:drawable/btn_toggle_holo_dark) that varies with configuration!!
01-01 00:00:15.265 D/dalvikvm(  210): GC_EXPLICIT freed 74K, 4% free 2627K/2720K, paused 1ms+2ms, total 16ms
01-01 00:00:15.275 W/Resources(  210): Preloaded drawable resource #0x108064c (android:drawable/textfield_multiline_default_holo_light) that varies with configuration!!
01-01 00:00:15.275 W/Resources(  210): Preloaded drawable resource #0x1080650 (android:drawable/textfield_multiline_disabled_holo_light) that varies with configuration!!
01-01 00:00:15.275 W/Resources(  210): Preloaded drawable resource #0x108064a (android:drawable/textfield_multiline_activated_holo_light) that varies with configuration!!
01-01 00:00:15.285 W/Resources(  210): Preloaded drawable resource #0x1080652 (android:drawable/textfield_multiline_focused_holo_light) that varies with configuration!!
01-01 00:00:15.285 W/Resources(  210): Preloaded drawable resource #0x108064c (android:drawable/textfield_multiline_default_holo_light) that varies with configuration!!
01-01 00:00:15.285 W/Resources(  210): Preloaded drawable resource #0x108064e (android:drawable/textfield_multiline_disabled_focused_holo_light) that varies with configuration!!
01-01 00:00:15.285 W/Resources(  210): Preloaded drawable resource #0x1080650 (android:drawable/textfield_multiline_disabled_holo_light) that varies with configuration!!
01-01 00:00:15.285 W/Resources(  210): Preloaded drawable resource #0x108063f (android:drawable/textfield_default_holo_light) that varies with configuration!!
01-01 00:00:15.285 W/Resources(  210): Preloaded drawable resource #0x1080644 (android:drawable/textfield_disabled_holo_light) that varies with configuration!!
01-01 00:00:15.285 W/Resources(  210): Preloaded drawable resource #0x1080637 (android:drawable/textfield_activated_holo_light) that varies with configuration!!
01-01 00:00:15.285 W/Resources(  210): Preloaded drawable resource #0x1080647 (android:drawable/textfield_focused_holo_light) that varies with configuration!!
01-01 00:00:15.285 W/Resources(  210): Preloaded drawable resource #0x108063f (android:drawable/textfield_default_holo_light) that varies with configuration!!
01-01 00:00:15.285 W/Resources(  210): Preloaded drawable resource #0x1080642 (android:drawable/textfield_disabled_focused_holo_light) that varies with configuration!!
01-01 00:00:15.285 W/Resources(  210): Preloaded drawable resource #0x1080644 (android:drawable/textfield_disabled_holo_light) that varies with configuration!!
01-01 00:00:15.285 W/Resources(  210): Preloaded drawable resource #0x1080258 (android:drawable/edit_text_holo_light) that varies with configuration!!
01-01 00:00:15.305 D/dalvikvm(  210): GC_EXPLICIT freed 75K, 4% free 2628K/2720K, paused 2ms+1ms, total 16ms
01-01 00:00:15.305 W/Resources(  210): Preloaded drawable resource #0x108064b (android:drawable/textfield_multiline_default_holo_dark) that varies with configuration!!
01-01 00:00:15.305 W/Resources(  210): Preloaded drawable resource #0x108064f (android:drawable/textfield_multiline_disabled_holo_dark) that varies with configuration!!
01-01 00:00:15.305 W/Resources(  210): Preloaded drawable resource #0x1080649 (android:drawable/textfield_multiline_activated_holo_dark) that varies with configuration!!
01-01 00:00:15.305 W/Resources(  210): Preloaded drawable resource #0x1080651 (android:drawable/textfield_multiline_focused_holo_dark) that varies with configuration!!
01-01 00:00:15.305 W/Resources(  210): Preloaded drawable resource #0x108064b (android:drawable/textfield_multiline_default_holo_dark) that varies with configuration!!
01-01 00:00:15.305 W/Resources(  210): Preloaded drawable resource #0x108064d (android:drawable/textfield_multiline_disabled_focused_holo_dark) that varies with configuration!!
01-01 00:00:15.315 W/Resources(  210): Preloaded drawable resource #0x108064f (android:drawable/textfield_multiline_disabled_holo_dark) that varies with configuration!!
01-01 00:00:15.315 W/Resources(  210): Preloaded drawable resource #0x108063e (android:drawable/textfield_default_holo_dark) that varies with configuration!!
01-01 00:00:15.315 W/Resources(  210): Preloaded drawable resource #0x1080643 (android:drawable/textfield_disabled_holo_dark) that varies with configuration!!
01-01 00:00:15.315 W/Resources(  210): Preloaded drawable resource #0x1080636 (android:drawable/textfield_activated_holo_dark) that varies with configuration!!
01-01 00:00:15.315 W/Resources(  210): Preloaded drawable resource #0x1080646 (android:drawable/textfield_focused_holo_dark) that varies with configuration!!
01-01 00:00:15.315 W/Resources(  210): Preloaded drawable resource #0x108063e (android:drawable/textfield_default_holo_dark) that varies with configuration!!
01-01 00:00:15.315 W/Resources(  210): Preloaded drawable resource #0x1080641 (android:drawable/textfield_disabled_focused_holo_dark) that varies with configuration!!
01-01 00:00:15.315 W/Resources(  210): Preloaded drawable resource #0x1080643 (android:drawable/textfield_disabled_holo_dark) that varies with configuration!!
01-01 00:00:15.315 W/Resources(  210): Preloaded drawable resource #0x1080257 (android:drawable/edit_text_holo_dark) that varies with configuration!!
01-01 00:00:15.325 D/dalvikvm(  210): GC_EXPLICIT freed 74K, 4% free 2630K/2720K, paused 1ms+1ms, total 14ms
01-01 00:00:15.335 W/Resources(  210): Preloaded drawable resource #0x1080633 (android:drawable/text_select_handle_left) that varies with configuration!!
01-01 00:00:15.335 W/Resources(  210): Preloaded drawable resource #0x1080635 (android:drawable/text_select_handle_right) that varies with configuration!!
01-01 00:00:15.335 W/Resources(  210): Preloaded drawable resource #0x1080630 (android:drawable/text_edit_paste_window) that varies with configuration!!
01-01 00:00:15.335 W/Resources(  210): Preloaded drawable resource #0x108026d (android:drawable/expander_close_holo_dark) that varies with configuration!!
01-01 00:00:15.335 W/Resources(  210): Preloaded drawable resource #0x108026e (android:drawable/expander_close_holo_light) that varies with configuration!!
01-01 00:00:15.345 W/Resources(  210): Preloaded drawable resource #0x108026d (android:drawable/expander_close_holo_dark) that varies with configuration!!
01-01 00:00:15.345 W/Resources(  210): Preloaded drawable resource #0x1080274 (android:drawable/expander_open_holo_dark) that varies with configuration!!
01-01 00:00:15.345 W/Resources(  210): Preloaded drawable resource #0x1080270 (android:drawable/expander_group_holo_dark) that varies with configuration!!
01-01 00:00:15.355 D/dalvikvm(  210): GC_EXPLICIT freed 85K, 5% free 2603K/2720K, paused 1ms+1ms, total 16ms
01-01 00:00:15.355 W/Resources(  210): Preloaded drawable resource #0x108026e (android:drawable/expander_close_holo_light) that varies with configuration!!
01-01 00:00:15.365 W/Resources(  210): Preloaded drawable resource #0x1080275 (android:drawable/expander_open_holo_light) that varies with configuration!!
01-01 00:00:15.365 W/Resources(  210): Preloaded drawable resource #0x1080271 (android:drawable/expander_group_holo_light) that varies with configuration!!
01-01 00:00:15.365 W/Resources(  210): Preloaded drawable resource #0x108041d (android:drawable/list_selector_disabled_holo_dark) that varies with configuration!!
01-01 00:00:15.365 W/Resources(  210): Preloaded drawable resource #0x108041d (android:drawable/list_selector_disabled_holo_dark) that varies with configuration!!
01-01 00:00:15.365 W/Resources(  210): Preloaded drawable resource #0x10803fe (android:drawable/list_pressed_holo_dark) that varies with configuration!!
01-01 00:00:15.365 W/Resources(  210): Preloaded drawable resource #0x10803fc (android:drawable/list_longpressed_holo_dark) that varies with configuration!!
