01-02 00:00:08.267 D/PhoneApp(  933): mReceiver: ACTION_ANY_DATA_CONNECTION_STATE_CHANGED
01-02 00:00:08.267 D/PhoneApp(  933): - state: DISCONNECTED
01-02 00:00:08.267 D/PhoneApp(  933): - reason: roamingOff
01-02 00:00:08.267 D/PhoneApp(  933): mReceiver: ACTION_ANY_DATA_CONNECTION_STATE_CHANGED
01-02 00:00:08.267 D/PhoneApp(  933): - state: DISCONNECTED
01-02 00:00:08.267 D/PhoneApp(  933): - reason: roamingOff
01-02 00:00:08.267 D/PhoneApp(  933): mReceiver: ACTION_ANY_DATA_CONNECTION_STATE_CHANGED
01-02 00:00:08.267 D/PhoneApp(  933): - state: DISCONNECTED
01-02 00:00:08.267 D/PhoneApp(  933): - reason: roamingOff
01-02 00:00:08.267 D/PhoneApp(  933): mReceiver: ACTION_ANY_DATA_CONNECTION_STATE_CHANGED
01-02 00:00:08.267 D/PhoneApp(  933): - state: DISCONNECTED
01-02 00:00:08.267 D/PhoneApp(  933): - reason: roamingOff
01-02 00:00:08.277 D/PhoneApp(  933): mReceiver: ACTION_ANY_DATA_CONNECTION_STATE_CHANGED
01-02 00:00:08.277 D/PhoneApp(  933): - state: DISCONNECTED
01-02 00:00:08.277 D/PhoneApp(  933): - reason: roamingOff
01-02 00:00:08.277 D/PhoneApp(  933): mReceiver: ACTION_ANY_DATA_CONNECTION_STATE_CHANGED
01-02 00:00:08.277 D/PhoneApp(  933): - state: DISCONNECTED
01-02 00:00:08.277 D/PhoneApp(  933): - reason: roamingOff
01-02 00:00:08.277 D/PhoneApp(  933): mReceiver: ACTION_ANY_DATA_CONNECTION_STATE_CHANGED
01-02 00:00:08.277 D/PhoneApp(  933): - state: DISCONNECTED
01-02 00:00:08.277 D/PhoneApp(  933): - reason: roamingOff
01-02 00:00:08.277 D/PhoneApp(  933): mReceiver: ACTION_ANY_DATA_CONNECTION_STATE_CHANGED
01-02 00:00:08.277 D/PhoneApp(  933): - state: DISCONNECTED
01-02 00:00:08.277 D/PhoneApp(  933): - reason: roamingOff
01-02 00:00:08.277 I/PhoneApp(  933): Headset phone created, binding local service.
01-02 00:00:08.277 D/PhoneApp(  933): handleSetTTYModeResponse: Error setting TTY mode, ar.exceptioncom.android.internal.telephony.CommandException: RADIO_NOT_AVAILABLE
01-02 00:00:08.297 D/NotificationMgr(  933): hideDataDisconnectedRoaming()...
01-02 00:00:08.297 D/NotificationMgr(  933): hideDataDisconnectedRoaming()...
01-02 00:00:08.297 D/NotificationMgr(  933): hideDataDisconnectedRoaming()...
01-02 00:00:08.297 D/NotificationMgr(  933): hideDataDisconnectedRoaming()...
01-02 00:00:08.297 D/NotificationMgr(  933): hideDataDisconnectedRoaming()...
01-02 00:00:08.297 D/NotificationMgr(  933): hideDataDisconnectedRoaming()...
01-02 00:00:08.297 D/NotificationMgr(  933): hideDataDisconnectedRoaming()...
01-02 00:00:08.297 D/NotificationMgr(  933): hideDataDisconnectedRoaming()...
01-02 00:00:08.297 D/NotificationMgr(  933): hideDataDisconnectedRoaming()...
01-02 00:00:08.307 D/NotificationMgr(  933): hideDataDisconnectedRoaming()...
01-02 00:00:08.307 D/NotificationMgr(  933): hideDataDisconnectedRoaming()...
01-02 00:00:08.307 D/NotificationMgr(  933): hideDataDisconnectedRoaming()...
01-02 00:00:08.307 D/NotificationMgr(  933): hideDataDisconnectedRoaming()...
01-02 00:00:08.307 D/NotificationMgr(  933): hideDataDisconnectedRoaming()...
01-02 00:00:08.307 D/NotificationMgr(  933): hideDataDisconnectedRoaming()...
01-02 00:00:08.307 D/NotificationMgr(  933): hideDataDisconnectedRoaming()...
01-02 00:00:08.307 D/NotificationMgr(  933): hideDataDisconnectedRoaming()...
01-02 00:00:08.307 D/NotificationMgr(  933): hideDataDisconnectedRoaming()...
01-02 00:00:08.307 D/NotificationMgr(  933): hideDataDisconnectedRoaming()...
01-02 00:00:08.307 D/NotificationMgr(  933): hideDataDisconnectedRoaming()...
01-02 00:00:08.307 D/NotificationMgr(  933): hideDataDisconnectedRoaming()...
01-02 00:00:08.307 D/NotificationMgr(  933): hideDataDisconnectedRoaming()...
01-02 00:00:08.307 D/NotificationMgr(  933): hideDataDisconnectedRoaming()...
01-02 00:00:08.317 D/NotificationMgr(  933): hideDataDisconnectedRoaming()...
01-02 00:00:08.317 D/NotificationMgr(  933): hideDataDisconnectedRoaming()...
01-02 00:00:08.317 D/NotificationMgr(  933): hideDataDisconnectedRoaming()...
01-02 00:00:08.317 D/NotificationMgr(  933): hideDataDisconnectedRoaming()...
01-02 00:00:08.317 D/NotificationMgr(  933): hideDataDisconnectedRoaming()...
01-02 00:00:08.317 D/NotificationMgr(  933): hideDataDisconnectedRoaming()...
01-02 00:00:08.317 D/NotificationMgr(  933): hideDataDisconnectedRoaming()...
01-02 00:00:08.317 D/NotificationMgr(  933): hideDataDisconnectedRoaming()...
01-02 00:00:08.317 D/NotificationMgr(  933): hideDataDisconnectedRoaming()...
01-02 00:00:08.317 D/PhoneApp(  933): handleQueryTTYModeResponse: Error getting TTY state.
01-02 00:00:08.347 D/dalvikvm(  795): GC_FOR_ALLOC freed 2701K, 29% free 7848K/10988K, paused 20ms, total 20ms
01-02 00:00:08.367 I/dalvikvm-heap(  795): Grow heap (frag case) to 12.751MB for 3144976-byte allocation
01-02 00:00:08.397 V/RenderScript(  964): 0x607adbe0 Launching thread(s), CPUs 4
01-02 00:00:08.397 D/BluetoothManagerService(  733): Message: 20
01-02 00:00:08.397 D/BluetoothManagerService(  733): Added callback: android.bluetooth.IBluetoothManagerCallback$Stub$Proxy@41c6f6c0:true
01-02 00:00:08.437 D/BluetoothAdapter( 1047): 1100057960: getState() :  mService = null. Returning STATE_OFF
01-02 00:00:08.447 I/ActivityManager(  733): Displayed com.android.launcher/com.android.launcher2.Launcher: +1s438ms
01-02 00:00:08.447 I/ActivityManager(  733): Timeline: Activity_windows_visible id: ActivityRecord{41a93d40 u0 com.android.launcher/com.android.launcher2.Launcher t1} time:29663
01-02 00:00:08.457 D/BluetoothManagerService(  733): Message: 30
01-02 00:00:08.477 D/KeyguardUpdateMonitor(  795): ACTION_SIM_STATE_CHANGED intent received on sub = 0
01-02 00:00:08.487 D/StatusBar.NetworkController(  795): In updateSimIcon simState= UNKNOWN
01-02 00:00:08.487 D/StatusBar.NetworkController(  795): refreshViews: Data not connected!! Set no data type icon / Roaming
01-02 00:00:08.487 D/StatusBar.NetworkController(  795): refreshViews connected={ } level=0 combinedSignalIconId=0x0/(null) mobileLabel= wifiLabel=No Internet connection emergencyOnly=false combinedLabel=No Internet connection mAirplaneMode=false mDataActivity=0 mPhoneSignalIconId=0x0 mQSPhoneSignalIconId=0x0 mDataDirectionIconId=0x0 mDataSignalIconId=0x0 mDataTypeIconId=0x0 mQSDataTypeIconId=0x0 mNoSimIconId=0x0 mWifiIconId=0x0 mQSWifiIconId=0x0 mBluetoothTetherIconId=0x10805cc
01-02 00:00:08.487 D/StatusBar.NetworkController(  795): refreshViews: Data not connected!! Set no data type icon / Roaming
01-02 00:00:08.487 D/StatusBar.NetworkController(  795): refreshViews connected={ } level=0 combinedSignalIconId=0x0/(null) mobileLabel= wifiLabel=No Internet connection emergencyOnly=false combinedLabel=No Internet connection mAirplaneMode=false mDataActivity=0 mPhoneSignalIconId=0x0 mQSPhoneSignalIconId=0x0 mDataDirectionIconId=0x0 mDataSignalIconId=0x0 mDataTypeIconId=0x0 mQSDataTypeIconId=0x0 mNoSimIconId=0x0 mWifiIconId=0x0 mQSWifiIconId=0x0 mBluetoothTetherIconId=0x10805cc
01-02 00:00:08.487 D/PhoneStatusBarPolicy(  795): updateSimState for subscription :0
01-02 00:00:08.487 D/BluetoothManagerService(  733): Message: 30
01-02 00:00:08.497 D/KeyguardUpdateMonitor(  795): Received SPN update on sub :0
01-02 00:00:08.497 D/StatusBar.NetworkController(  795): refreshViews: Data not connected!! Set no data type icon / Roaming
01-02 00:00:08.497 D/StatusBar.NetworkController(  795): refreshViews connected={ } level=0 combinedSignalIconId=0x0/(null) mobileLabel= wifiLabel=No Internet connection emergencyOnly=false combinedLabel=No Internet connection mAirplaneMode=false mDataActivity=0 mPhoneSignalIconId=0x0 mQSPhoneSignalIconId=0x0 mDataDirectionIconId=0x0 mDataSignalIconId=0x0 mDataTypeIconId=0x0 mQSDataTypeIconId=0x0 mNoSimIconId=0x0 mWifiIconId=0x0 mQSWifiIconId=0x0 mBluetoothTetherIconId=0x10805cc
01-02 00:00:08.517 V/KeyguardServiceDelegate(  733): **** SHOWN CALLED ****
01-02 00:00:08.517 D/LocalBluetoothProfileManager( 1047): Adding local MAP profile
01-02 00:00:08.517 D/BluetoothMap( 1047): Create BluetoothMap proxy object
01-02 00:00:08.517 D/BluetoothManagerService(  733): Message: 30
01-02 00:00:08.537 D/BluetoothManagerService(  733): Message: 30
01-02 00:00:08.557 D/LocalBluetoothProfileManager( 1047): LocalBluetoothProfileManager construction complete
01-02 00:00:08.557 D/BluetoothAdapter( 1047): 1100057960: getState() :  mService = null. Returning STATE_OFF
01-02 00:00:08.557 D/BluetoothAdapter( 1047): 1100057960: getState() :  mService = null. Returning STATE_OFF
01-02 00:00:08.597 D/StatusBar.NetworkController(  795): onServiceStateChanged voiceState=1 dataState=1
01-02 00:00:08.597 D/StatusBar.NetworkController(  795): Combining data service state 1 for signal
01-02 00:00:08.597 D/StatusBar.NetworkController(  795):  No service
01-02 00:00:08.597 E/StatusBar.NetworkController(  795): updateDataNetType NETWORK_TYPE_UNKNOWN
01-02 00:00:08.597 D/StatusBar.NetworkController(  795): refreshViews: Data not connected!! Set no data type icon / Roaming
01-02 00:00:08.597 D/StatusBar.NetworkController(  795): refreshViews connected={ } level=0 combinedSignalIconId=0x0/(null) mobileLabel= wifiLabel=No Internet connection emergencyOnly=false combinedLabel=No Internet connection mAirplaneMode=false mDataActivity=0 mPhoneSignalIconId=0x0 mQSPhoneSignalIconId=0x0 mDataDirectionIconId=0x0 mDataSignalIconId=0x0 mDataTypeIconId=0x0 mQSDataTypeIconId=0x0 mNoSimIconId=0x0 mWifiIconId=0x0 mQSWifiIconId=0x0 mBluetoothTetherIconId=0x10805cc
01-02 00:00:08.597 D/PhoneStatusBar(  795): disable: < expand icons alerts ticker system_info BACK* HOME* RECENT clock SEARCH >
01-02 00:00:08.627 D/KeyguardUpdateMonitor(  795): handleSimStateChange: intentValue = UNKNOWN state resolved to UNKNOWN subscription =0
01-02 00:00:08.647 I/dalvikvm( 1087): Enabling JNI app bug workarounds for target SDK version 9...
01-02 00:00:08.697 I/ActivityManager(  964): Timeline: Activity_idle id: android.os.BinderProxy@4190f758 time:29915
01-02 00:00:08.767 I/SurfaceFlinger(  209): Boot is finished (16032 ms)
01-02 00:00:08.787 I/MediaFocusControl(  733):   Remote Control   registerMediaButtonIntent() for PendingIntent{419776a8: PendingIntentRecord{4198d780 com.android.music broadcastIntent}}
01-02 00:00:08.797 D/BluetoothAdapter( 1047): 1100057960: getState() :  mService = null. Returning STATE_OFF
01-02 00:00:08.838 E/MediaPlayer-JNI( 1087): QCMediaPlayer mediaplayer NOT present
01-02 00:00:08.858 V/MediaFocusControl(  733): updating focussed RCC change to RCD: CallingPackageName:com.android.music isFocussed:false isAvailable:true
01-02 00:00:08.858 V/MediaFocusControl(  733): updating focussed RCC change to RCD: CallingPackageName:com.android.music isFocussed:true isAvailable:true
01-02 00:00:09.068 I/QCNEJ   (  733): |CORE:COM:RCVR| CNE creating socket
01-02 00:00:09.148 E/jdwp    ( 1178): Failed writing handshake bytes: Broken pipe (-1 of 14)
01-02 00:00:09.148 D/dalvikvm( 1178): Debugger has detached; object registry had 0 entries
01-02 00:00:09.158 I/ThermalDaemon( 1191): Thermal daemon started
01-02 00:00:09.158 I/ThermalDaemon( 1191): Using target config file '/system/etc/thermald-8064.conf'
01-02 00:00:09.168 D/PhoneStatusBar(  795): disable: < expand icons alerts ticker system_info BACK HOME RECENT CLOCK* SEARCH >
01-02 00:00:09.198 D/ExtensionsFactory( 1178): No custom extensions.
01-02 00:00:09.208 I/ThermalDaemon( 1191): Threshold 0 Action[0] : none
01-02 00:00:09.208 I/ThermalDaemon( 1191): Threshold 0 Action Info[0] : 0.000000
01-02 00:00:09.208 I/ThermalDaemon( 1191): Threshold 0 Action[0] : none
01-02 00:00:09.208 I/ThermalDaemon( 1191): Threshold 0 Action Info[0] : 0.000000
01-02 00:00:09.208 I/ThermalDaemon( 1191): Threshold 0 Action[0] : none
01-02 00:00:09.208 I/ThermalDaemon( 1191): Threshold 0 Action Info[0] : 0.000000
01-02 00:00:09.208 I/ThermalDaemon( 1191): Threshold 0 Action[0] : none
01-02 00:00:09.208 I/ThermalDaemon( 1191): Threshold 0 Action Info[0] : 0.000000
01-02 00:00:09.208 I/ThermalDaemon( 1191): Threshold 0 Action[0] : none
01-02 00:00:09.208 I/ThermalDaemon( 1191): Threshold 0 Action Info[0] : 0.000000
01-02 00:00:09.208 I/ThermalDaemon( 1191): Threshold 0 Action[0] : none
01-02 00:00:09.208 I/ThermalDaemon( 1191): Threshold 0 Action Info[0] : 0.000000
01-02 00:00:09.208 I/ThermalDaemon( 1191): Threshold 0 Action[0] : none
01-02 00:00:09.208 I/ThermalDaemon( 1191): Threshold 0 Action Info[0] : 0.000000
01-02 00:00:09.208 I/ThermalDaemon( 1191): Threshold 0 Action[0] : none
01-02 00:00:09.208 I/ThermalDaemon( 1191): Threshold 0 Action Info[0] : 0.000000
01-02 00:00:09.208 I/ThermalDaemon( 1191): Threshold 0 Action[0] : cpu
01-02 00:00:09.208 I/ThermalDaemon( 1191): Threshold 0 Action[1] : battery
01-02 00:00:09.208 I/ThermalDaemon( 1191): Threshold 1 Action[0] : cpu
01-02 00:00:09.208 I/ThermalDaemon( 1191): Threshold 1 Action[1] : battery
01-02 00:00:09.208 I/ThermalDaemon( 1191): Threshold 2 Action[0] : cpu
01-02 00:00:09.208 I/ThermalDaemon( 1191): Threshold 2 Action[1] : battery
01-02 00:00:09.208 I/ThermalDaemon( 1191): Threshold 3 Action[0] : cpu
01-02 00:00:09.208 I/ThermalDaemon( 1191): Threshold 3 Action[1] : battery
01-02 00:00:09.208 I/ThermalDaemon( 1191): Threshold 4 Action[0] : cpu
01-02 00:00:09.208 I/ThermalDaemon( 1191): Threshold 4 Action[1] : battery
01-02 00:00:09.208 I/ThermalDaemon( 1191): Threshold 5 Action[0] : cpu
01-02 00:00:09.208 I/ThermalDaemon( 1191): Threshold 5 Action[1] : battery
01-02 00:00:09.208 I/ThermalDaemon( 1191): Threshold 6 Action[0] : cpu
01-02 00:00:09.208 I/ThermalDaemon( 1191): Threshold 6 Action[1] : battery
01-02 00:00:09.208 I/ThermalDaemon( 1191): Threshold 7 Action[0] : shutdown
01-02 00:00:09.208 I/ThermalDaemon( 1191): Threshold 0 Action Info[0] : 1728000.000000
01-02 00:00:09.208 I/ThermalDaemon( 1191): Threshold 0 Action Info[1] : 0.000000
01-02 00:00:09.208 I/ThermalDaemon( 1191): Threshold 1 Action Info[0] : 1188000.000000
01-02 00:00:09.208 I/ThermalDaemon( 1191): Threshold 1 Action Info[1] : 0.000000
01-02 00:00:09.208 I/ThermalDaemon( 1191): Threshold 2 Action Info[0] : 810000.000000
01-02 00:00:09.208 I/ThermalDaemon( 1191): Threshold 2 Action Info[1] : 1.000000
01-02 00:00:09.208 I/ThermalDaemon( 1191): Threshold 3 Action Info[0] : 648000.000000
01-02 00:00:09.208 I/ThermalDaemon( 1191): Threshold 3 Action Info[1] : 1.000000
01-02 00:00:09.208 I/ThermalDaemon( 1191): Threshold 4 Action Info[0] : 540000.000000
01-02 00:00:09.208 I/ThermalDaemon( 1191): Threshold 4 Action Info[1] : 2.000000
01-02 00:00:09.208 I/ThermalDaemon( 1191): Threshold 5 Action Info[0] : 487000.000000
01-02 00:00:09.208 I/ThermalDaemon( 1191): Threshold 5 Action Info[1] : 2.000000
01-02 00:00:09.208 I/ThermalDaemon( 1191): Threshold 6 Action Info[0] : 384000.000000
01-02 00:00:09.208 I/ThermalDaemon( 1191): Threshold 6 Action Info[1] : 3.000000
01-02 00:00:09.208 I/ThermalDaemon( 1191): Threshold 7 Action Info[0] : 5000.000000
01-02 00:00:09.208 I/ThermalDaemon( 1191): Threshold 0 Action[0] : cpu
01-02 00:00:09.208 I/ThermalDaemon( 1191): Threshold 1 Action[0] : cpu
01-02 00:00:09.208 I/ThermalDaemon( 1191): Threshold 2 Action[0] : cpu
01-02 00:00:09.208 I/ThermalDaemon( 1191): Threshold 3 Action[0] : cpu
01-02 00:00:09.208 I/ThermalDaemon( 1191): Threshold 4 Action[0] : cpu
01-02 00:00:09.208 I/ThermalDaemon( 1191): Threshold 5 Action[0] : cpu
01-02 00:00:09.208 I/ThermalDaemon( 1191): Threshold 6 Action[0] : cpu
01-02 00:00:09.208 I/ThermalDaemon( 1191): Threshold 7 Action[0] : shutdown
01-02 00:00:09.208 I/ThermalDaemon( 1191): Threshold 0 Action Info[0] : 1728000.000000
01-02 00:00:09.208 I/ThermalDaemon( 1191): Threshold 1 Action Info[0] : 1188000.000000
01-02 00:00:09.208 I/ThermalDaemon( 1191): Threshold 2 Action Info[0] : 810000.000000
01-02 00:00:09.208 I/ThermalDaemon( 1191): Threshold 3 Action Info[0] : 648000.000000
01-02 00:00:09.208 I/ThermalDaemon( 1191): Threshold 4 Action Info[0] : 540000.000000
01-02 00:00:09.208 I/ThermalDaemon( 1191): Threshold 5 Action Info[0] : 487000.000000
01-02 00:00:09.208 I/ThermalDaemon( 1191): Threshold 6 Action Info[0] : 384000.000000
01-02 00:00:09.208 I/ThermalDaemon( 1191): Threshold 7 Action Info[0] : 5000.000000
01-02 00:00:09.208 I/ThermalDaemon( 1191): Threshold 0 Action[0] : cpu
01-02 00:00:09.208 I/ThermalDaemon( 1191): Threshold 1 Action[0] : cpu
01-02 00:00:09.208 I/ThermalDaemon( 1191): Threshold 2 Action[0] : cpu
01-02 00:00:09.208 I/ThermalDaemon( 1191): Threshold 3 Action[0] : cpu
01-02 00:00:09.208 I/ThermalDaemon( 1191): Threshold 4 Action[0] : cpu
01-02 00:00:09.208 I/ThermalDaemon( 1191): Threshold 5 Action[0] : cpu
01-02 00:00:09.208 I/ThermalDaemon( 1191): Threshold 6 Action[0] : cpu
01-02 00:00:09.208 I/ThermalDaemon( 1191): Threshold 7 Action[0] : shutdown
01-02 00:00:09.208 I/ThermalDaemon( 1191): Threshold 0 Action Info[0] : 1728000.000000
01-02 00:00:09.208 I/ThermalDaemon( 1191): Threshold 1 Action Info[0] : 1188000.000000
01-02 00:00:09.208 I/ThermalDaemon( 1191): Threshold 2 Action Info[0] : 810000.000000
01-02 00:00:09.208 I/ThermalDaemon( 1191): Threshold 3 Action Info[0] : 648000.000000
01-02 00:00:09.208 I/ThermalDaemon( 1191): Threshold 4 Action Info[0] : 540000.000000
01-02 00:00:09.208 I/ThermalDaemon( 1191): Threshold 5 Action Info[0] : 487000.000000
01-02 00:00:09.208 I/ThermalDaemon( 1191): Threshold 6 Action Info[0] : 384000.000000
01-02 00:00:09.208 I/ThermalDaemon( 1191): Threshold 7 Action Info[0] : 5000.000000
01-02 00:00:09.208 I/ThermalDaemon( 1191): Threshold 0 Action[0] : cpu
01-02 00:00:09.208 I/ThermalDaemon( 1191): Threshold 1 Action[0] : cpu
01-02 00:00:09.208 I/ThermalDaemon( 1191): Threshold 2 Action[0] : cpu
01-02 00:00:09.208 I/ThermalDaemon( 1191): Threshold 3 Action[0] : cpu
01-02 00:00:09.208 I/ThermalDaemon( 1191): Threshold 4 Action[0] : cpu
01-02 00:00:09.208 I/ThermalDaemon( 1191): Threshold 5 Action[0] : cpu
01-02 00:00:09.208 I/ThermalDaemon( 1191): Threshold 6 Action[0] : cpu
01-02 00:00:09.208 I/ThermalDaemon( 1191): Threshold 7 Action[0] : shutdown
01-02 00:00:09.208 I/ThermalDaemon( 1191): Threshold 0 Action Info[0] : 1728000.000000
01-02 00:00:09.208 I/ThermalDaemon( 1191): Threshold 1 Action Info[0] : 1188000.000000
01-02 00:00:09.208 I/ThermalDaemon( 1191): Threshold 2 Action Info[0] : 810000.000000
01-02 00:00:09.208 I/ThermalDaemon( 1191): Threshold 3 Action Info[0] : 648000.000000
01-02 00:00:09.208 I/ThermalDaemon( 1191): Threshold 4 Action Info[0] : 540000.000000
01-02 00:00:09.208 I/ThermalDaemon( 1191): Threshold 5 Action Info[0] : 487000.000000
01-02 00:00:09.208 I/ThermalDaemon( 1191): Threshold 6 Action Info[0] : 384000.000000
01-02 00:00:09.208 I/ThermalDaemon( 1191): Threshold 7 Action Info[0] : 5000.000000
01-02 00:00:09.208 I/ThermalDaemon( 1191): Threshold 0 Action[0] : cpu
01-02 00:00:09.208 I/ThermalDaemon( 1191): Threshold 0 Action Info[0] : 918000.000000
01-02 00:00:09.208 I/ThermalDaemon( 1191): Number of cpus :4
01-02 00:00:09.208 I/ThermalDaemon( 1191): Number of gpus :1
01-02 00:00:09.208 I/ThermalDaemon( 1191): qmi: Instance id 34 for fusion TMD
01-02 00:00:09.208 I/ThermalDaemon( 1191): qmi: Instance id 34 for fusion TS
01-02 00:00:09.208 I/ThermalDaemon( 1191): Sensor setup:[pa_therm0]
01-02 00:00:09.208 E/ThermalDaemon( 1191): adc_sensors_setup: Error opening /sys/devices/platform/msm_ssbi.0/pm8921-core/pm8xxx-adc/pa_therm0
01-02 00:00:09.208 I/ThermalDaemon( 1191): QMI TS sensor found for pa_therm0
01-02 00:00:09.208 I/ThermalDaemon( 1191): Sensor setup:[tsens_tz_sensor0]
01-02 00:00:09.208 I/ThermalDaemon( 1191): Sensor setup:[tsens_tz_sensor1]
01-02 00:00:09.208 I/ThermalDaemon( 1191): Sensor setup:[tsens_tz_sensor2]
01-02 00:00:09.208 I/ThermalDaemon( 1191): Sensor setup:[tsens_tz_sensor3]
01-02 00:00:09.208 I/ThermalDaemon( 1191): Sensor setup:[tsens_tz_sensor4]
01-02 00:00:09.208 I/ThermalDaemon( 1191): Sensor setup:[tsens_tz_sensor5]
01-02 00:00:09.208 I/ThermalDaemon( 1191): qmi: Instance id 53 for fusion TMD
01-02 00:00:09.208 I/ThermalDaemon( 1191): Sensor setup:[tsens_tz_sensor6]
01-02 00:00:09.208 I/ThermalDaemon( 1191): Sensor setup:[tsens_tz_sensor7]
01-02 00:00:09.208 I/ThermalDaemon( 1191): Sensor setup:[tsens_tz_sensor8]
01-02 00:00:09.218 I/ThermalDaemon( 1191): Sensor setup:[tsens_tz_sensor9]
01-02 00:00:09.218 I/ThermalDaemon( 1191): Sensor setup:[tsens_tz_sensor10]
01-02 00:00:09.218 I/ThermalDaemon( 1191): Sensor setup:[pm8821_tz]
01-02 00:00:09.218 D/BluetoothManagerService(  733): Message: 30
01-02 00:00:09.218 D/BluetoothManagerService(  733): Message: 30
01-02 00:00:09.228 E/WiredAccessoryManager(  733): No state change.
01-02 00:00:09.228 E/MP-Decision( 1194): MPDecision server starting
01-02 00:00:09.228 E/MP-Decision( 1194): OPTION ENABLED: Control sleep modes
01-02 00:00:09.228 E/MP-Decision( 1194): OPTION ENABLED: Adjusting average
01-02 00:00:09.228 E/MP-Decision( 1194): Decision parameters CPU 0: Nw=0.000000, Tw=0, Ns=0.000000, Ts=0
01-02 00:00:09.228 E/MP-Decision( 1194): util_h_and=0, util_h_or=0, util_low=0
01-02 00:00:09.228 E/MP-Decision( 1194): Decision parameters CPU 1: Nw=1.900000, Tw=140, Ns=1.100000, Ts=190
01-02 00:00:09.228 E/MP-Decision( 1194): util_h_and=35, util_h_or=75, util_low=20
01-02 00:00:09.228 E/MP-Decision( 1194): Decision parameters CPU 2: Nw=2.700000, Tw=90, Ns=2.100000, Ts=240
01-02 00:00:09.228 E/MP-Decision( 1194): util_h_and=0, util_h_or=400, util_low=0
01-02 00:00:09.238 E/MP-Decision( 1194): Decision parameters CPU 3: Nw=3.500000, Tw=90, Ns=3.100000, Ts=240
01-02 00:00:09.238 E/MP-Decision( 1194): util_h_and=0, util_h_or=400, util_low=0
01-02 00:00:09.238 E/MP-Decision( 1194): Decision parameters: poll_ms: 9 decision_ms: 50
01-02 00:00:09.238 I/ThermalDaemon( 1191): hotplug_ktm_disable_sync: write out 0
01-02 00:00:09.238 I/ExtendedUtils(  212): AV Sync late margin : Intended=40ms Using=0ms
01-02 00:00:09.238 D/AwesomePlayer(  212): Before reset_l
01-02 00:00:09.238 D/AwesomePlayer(  212): printFileName fd(27) -> /system/media/audio/ui/Effect_Tick.ogg
01-02 00:00:09.288 D/ExtendedUtils(  212): extended extractor not needed, return default
01-02 00:00:09.288 D/AwesomePlayer(  212): Tunnel Mime Type: audio/vorbis, object alive = 0, mTunnelAliveAP = 0
01-02 00:00:09.288 D/AwesomePlayer(  212): maxPossible tunnels = 1
01-02 00:00:09.288 D/AwesomePlayer(  212): Normal Audio Playback
01-02 00:00:09.288 E/AwesomePlayer(  212): LPAPlayer::Clip duration setting of less than 30sec not supported, defaulting to 60sec
01-02 00:00:09.288 W/AwesomePlayer(  212): Trying to create tunnel player mIsTunnelAudio 0,             LPAPlayer::mObjectsAlive 0,             TunnelPlayer::mTunnelObjectsAlive = 0,            (mAudioPlayer == NULL) 1
01-02 00:00:09.288 E/AwesomePlayer(  212): LPAPlayer::Clip duration setting of less than 30sec not supported, defaulting to 60sec
01-02 00:00:09.298 I/OMXNodeInstance(  212): OMX_FreeBuffer for buffer header 0xb7a18b90 successful
01-02 00:00:09.298 I/OMXNodeInstance(  212): OMX_FreeBuffer for buffer header 0xb7a147a0 successful
01-02 00:00:09.298 I/OMXNodeInstance(  212): OMX_FreeBuffer for buffer header 0xb7a148e0 successful
01-02 00:00:09.298 I/OMXNodeInstance(  212): OMX_FreeBuffer for buffer header 0xb7a14a08 successful
01-02 00:00:09.328 I/RecoverySystem(  733): No recovery log file
01-02 00:00:09.328 I/OMXNodeInstance(  212): OMX_FreeBuffer for buffer header 0xb7a18a08 successful
01-02 00:00:09.328 I/OMXNodeInstance(  212): OMX_FreeBuffer for buffer header 0xb7a0ec78 successful
01-02 00:00:09.328 I/OMXNodeInstance(  212): OMX_FreeBuffer for buffer header 0xb7a1d9a8 successful
01-02 00:00:09.328 I/OMXNodeInstance(  212): OMX_FreeBuffer for buffer header 0xb7a1d7f0 successful
01-02 00:00:09.328 I/OMXNodeInstance(  212): OMX_FreeBuffer for buffer header 0xb7a14b78 successful
01-02 00:00:09.328 I/OMXNodeInstance(  212): OMX_FreeBuffer for buffer header 0xb7a15138 successful
01-02 00:00:09.328 I/OMXNodeInstance(  212): OMX_FreeBuffer for buffer header 0xb7a14ff8 successful
01-02 00:00:09.328 I/OMXNodeInstance(  212): OMX_FreeBuffer for buffer header 0xb7a14ef0 successful
01-02 00:00:09.338 I/ExtendedUtils(  212): AV Sync late margin : Intended=40ms Using=0ms
01-02 00:00:09.338 D/AwesomePlayer(  212): Before reset_l
01-02 00:00:09.338 D/AwesomePlayer(  212): printFileName fd(27) -> /system/media/audio/ui/KeypressStandard.ogg
01-02 00:00:09.388 D/ExtendedUtils(  212): extended extractor not needed, return default
01-02 00:00:09.388 D/AwesomePlayer(  212): Tunnel Mime Type: audio/vorbis, object alive = 0, mTunnelAliveAP = 0
01-02 00:00:09.388 D/AwesomePlayer(  212): maxPossible tunnels = 1
01-02 00:00:09.388 D/AwesomePlayer(  212): Normal Audio Playback
01-02 00:00:09.388 E/AwesomePlayer(  212): LPAPlayer::Clip duration setting of less than 30sec not supported, defaulting to 60sec
01-02 00:00:09.388 W/AwesomePlayer(  212): Trying to create tunnel player mIsTunnelAudio 0,             LPAPlayer::mObjectsAlive 0,             TunnelPlayer::mTunnelObjectsAlive = 0,            (mAudioPlayer == NULL) 1
01-02 00:00:09.388 E/AwesomePlayer(  212): LPAPlayer::Clip duration setting of less than 30sec not supported, defaulting to 60sec
01-02 00:00:09.388 I/OMXNodeInstance(  212): OMX_FreeBuffer for buffer header 0xb7a0ec98 successful
01-02 00:00:09.388 I/OMXNodeInstance(  212): OMX_FreeBuffer for buffer header 0xb7a18bb0 successful
01-02 00:00:09.388 I/OMXNodeInstance(  212): OMX_FreeBuffer for buffer header 0xb7a18cf0 successful
01-02 00:00:09.388 I/OMXNodeInstance(  212): OMX_FreeBuffer for buffer header 0xb7a1cdd8 successful
01-02 00:00:09.398 I/OMXNodeInstance(  212): OMX_FreeBuffer for buffer header 0xb7a008c8 successful
01-02 00:00:09.398 I/OMXNodeInstance(  212): OMX_FreeBuffer for buffer header 0xb7a0cd40 successful
01-02 00:00:09.398 I/OMXNodeInstance(  212): OMX_FreeBuffer for buffer header 0xb7a15428 successful
01-02 00:00:09.398 I/OMXNodeInstance(  212): OMX_FreeBuffer for buffer header 0xb7a1ca98 successful
01-02 00:00:09.398 I/OMXNodeInstance(  212): OMX_FreeBuffer for buffer header 0xb7a1e9f8 successful
01-02 00:00:09.398 I/OMXNodeInstance(  212): OMX_FreeBuffer for buffer header 0xb7a1e8d0 successful
01-02 00:00:09.398 I/OMXNodeInstance(  212): OMX_FreeBuffer for buffer header 0xb7a1e790 successful
01-02 00:00:09.398 I/OMXNodeInstance(  212): OMX_FreeBuffer for buffer header 0xb7a1e650 successful
01-02 00:00:09.398 I/ExtendedUtils(  212): AV Sync late margin : Intended=40ms Using=0ms
01-02 00:00:09.398 D/AwesomePlayer(  212): Before reset_l
01-02 00:00:09.398 D/AwesomePlayer(  212): printFileName fd(27) -> /system/media/audio/ui/KeypressSpacebar.ogg
01-02 00:00:09.438 D/ExtendedUtils(  212): extended extractor not needed, return default
01-02 00:00:09.438 D/AwesomePlayer(  212): Tunnel Mime Type: audio/vorbis, object alive = 0, mTunnelAliveAP = 0
01-02 00:00:09.438 D/AwesomePlayer(  212): maxPossible tunnels = 1
01-02 00:00:09.438 D/AwesomePlayer(  212): Normal Audio Playback
01-02 00:00:09.438 E/AwesomePlayer(  212): LPAPlayer::Clip duration setting of less than 30sec not supported, defaulting to 60sec
01-02 00:00:09.438 W/AwesomePlayer(  212): Trying to create tunnel player mIsTunnelAudio 0,             LPAPlayer::mObjectsAlive 0,             TunnelPlayer::mTunnelObjectsAlive = 0,            (mAudioPlayer == NULL) 1
01-02 00:00:09.438 E/AwesomePlayer(  212): LPAPlayer::Clip duration setting of less than 30sec not supported, defaulting to 60sec
01-02 00:00:09.448 I/OMXNodeInstance(  212): OMX_FreeBuffer for buffer header 0xb7a1cd00 successful
01-02 00:00:09.448 I/OMXNodeInstance(  212): OMX_FreeBuffer for buffer header 0xb7a1cf10 successful
01-02 00:00:09.448 I/OMXNodeInstance(  212): OMX_FreeBuffer for buffer header 0xb7a1d050 successful
01-02 00:00:09.448 I/OMXNodeInstance(  212): OMX_FreeBuffer for buffer header 0xb7a1d178 successful
01-02 00:00:09.448 I/CalendarProvider2( 1253): Created com.android.providers.calendar.CalendarAlarmManager@41925190(com.android.providers.calendar.CalendarProvider2@4191bdf8)
01-02 00:00:09.448 I/OMXNodeInstance(  212): OMX_FreeBuffer for buffer header 0xb7a1cb78 successful
01-02 00:00:09.448 I/OMXNodeInstance(  212): OMX_FreeBuffer for buffer header 0xb7a18cd8 successful
01-02 00:00:09.448 I/OMXNodeInstance(  212): OMX_FreeBuffer for buffer header 0xb7a18c08 successful
01-02 00:00:09.448 I/OMXNodeInstance(  212): OMX_FreeBuffer for buffer header 0xb7a1ede8 successful
01-02 00:00:09.448 I/OMXNodeInstance(  212): OMX_FreeBuffer for buffer header 0xb7a15460 successful
01-02 00:00:09.448 I/OMXNodeInstance(  212): OMX_FreeBuffer for buffer header 0xb7a15338 successful
01-02 00:00:09.448 I/OMXNodeInstance(  212): OMX_FreeBuffer for buffer header 0xb7a151f8 successful
01-02 00:00:09.448 I/OMXNodeInstance(  212): OMX_FreeBuffer for buffer header 0xb7a15120 successful
01-02 00:00:09.458 I/ExtendedUtils(  212): AV Sync late margin : Intended=40ms Using=0ms
01-02 00:00:09.458 D/AwesomePlayer(  212): Before reset_l
01-02 00:00:09.458 D/AwesomePlayer(  212): printFileName fd(27) -> /system/media/audio/ui/KeypressDelete.ogg
01-02 00:00:09.488 D/ExtendedUtils(  212): extended extractor not needed, return default
01-02 00:00:09.488 D/AwesomePlayer(  212): Tunnel Mime Type: audio/vorbis, object alive = 0, mTunnelAliveAP = 0
01-02 00:00:09.488 D/AwesomePlayer(  212): maxPossible tunnels = 1
01-02 00:00:09.488 D/AwesomePlayer(  212): Normal Audio Playback
01-02 00:00:09.488 E/AwesomePlayer(  212): LPAPlayer::Clip duration setting of less than 30sec not supported, defaulting to 60sec
01-02 00:00:09.498 W/AwesomePlayer(  212): Trying to create tunnel player mIsTunnelAudio 0,             LPAPlayer::mObjectsAlive 0,             TunnelPlayer::mTunnelObjectsAlive = 0,            (mAudioPlayer == NULL) 1
01-02 00:00:09.498 E/AwesomePlayer(  212): LPAPlayer::Clip duration setting of less than 30sec not supported, defaulting to 60sec
01-02 00:00:09.498 I/OMXNodeInstance(  212): OMX_FreeBuffer for buffer header 0xb7a16028 successful
01-02 00:00:09.498 I/OMXNodeInstance(  212): OMX_FreeBuffer for buffer header 0xb7a16238 successful
01-02 00:00:09.498 I/OMXNodeInstance(  212): OMX_FreeBuffer for buffer header 0xb7a16378 successful
01-02 00:00:09.498 I/OMXNodeInstance(  212): OMX_FreeBuffer for buffer header 0xb7a164a0 successful
01-02 00:00:09.508 I/OMXNodeInstance(  212): OMX_FreeBuffer for buffer header 0xb7a15ea0 successful
01-02 00:00:09.508 I/OMXNodeInstance(  212): OMX_FreeBuffer for buffer header 0xb7a15de8 successful
01-02 00:00:09.508 I/OMXNodeInstance(  212): OMX_FreeBuffer for buffer header 0xb7a15d48 successful
01-02 00:00:09.508 I/OMXNodeInstance(  212): OMX_FreeBuffer for buffer header 0xb7a15c30 successful
01-02 00:00:09.508 I/OMXNodeInstance(  212): OMX_FreeBuffer for buffer header 0xb7a1ef60 successful
01-02 00:00:09.508 I/OMXNodeInstance(  212): OMX_FreeBuffer for buffer header 0xb7a1ee38 successful
01-02 00:00:09.508 I/OMXNodeInstance(  212): OMX_FreeBuffer for buffer header 0xb7a1ecf8 successful
01-02 00:00:09.508 I/OMXNodeInstance(  212): OMX_FreeBuffer for buffer header 0xb7a1ebf0 successful
01-02 00:00:09.518 I/ExtendedUtils(  212): AV Sync late margin : Intended=40ms Using=0ms
01-02 00:00:09.518 D/AwesomePlayer(  212): Before reset_l
01-02 00:00:09.518 D/AwesomePlayer(  212): printFileName fd(27) -> /system/media/audio/ui/KeypressReturn.ogg
01-02 00:00:09.548 D/ExtendedUtils(  212): extended extractor not needed, return default
01-02 00:00:09.548 D/AwesomePlayer(  212): Tunnel Mime Type: audio/vorbis, object alive = 0, mTunnelAliveAP = 0
01-02 00:00:09.548 D/AwesomePlayer(  212): maxPossible tunnels = 1
01-02 00:00:09.548 D/AwesomePlayer(  212): Normal Audio Playback
01-02 00:00:09.548 E/AwesomePlayer(  212): LPAPlayer::Clip duration setting of less than 30sec not supported, defaulting to 60sec
01-02 00:00:09.548 W/AwesomePlayer(  212): Trying to create tunnel player mIsTunnelAudio 0,             LPAPlayer::mObjectsAlive 0,             TunnelPlayer::mTunnelObjectsAlive = 0,            (mAudioPlayer == NULL) 1
01-02 00:00:09.548 E/AwesomePlayer(  212): LPAPlayer::Clip duration setting of less than 30sec not supported, defaulting to 60sec
01-02 00:00:09.548 I/OMXNodeInstance(  212): OMX_FreeBuffer for buffer header 0xb7a159b0 successful
01-02 00:00:09.548 I/OMXNodeInstance(  212): OMX_FreeBuffer for buffer header 0xb7a15bc0 successful
01-02 00:00:09.548 I/OMXNodeInstance(  212): OMX_FreeBuffer for buffer header 0xb7a15d00 successful
01-02 00:00:09.548 I/OMXNodeInstance(  212): OMX_FreeBuffer for buffer header 0xb7a15e28 successful
01-02 00:00:09.558 I/OMXNodeInstance(  212): OMX_FreeBuffer for buffer header 0xb7a15828 successful
01-02 00:00:09.558 I/OMXNodeInstance(  212): OMX_FreeBuffer for buffer header 0xb7a15770 successful
01-02 00:00:09.558 I/OMXNodeInstance(  212): OMX_FreeBuffer for buffer header 0xb7a156a0 successful
01-02 00:00:09.558 I/OMXNodeInstance(  212): OMX_FreeBuffer for buffer header 0xb7a1da28 successful
01-02 00:00:09.558 I/OMXNodeInstance(  212): OMX_FreeBuffer for buffer header 0xb7a1ea08 successful
01-02 00:00:09.558 I/OMXNodeInstance(  212): OMX_FreeBuffer for buffer header 0xb7a1e8e0 successful
01-02 00:00:09.558 I/OMXNodeInstance(  212): OMX_FreeBuffer for buffer header 0xb7a1e7a0 successful
01-02 00:00:09.558 I/OMXNodeInstance(  212): OMX_FreeBuffer for buffer header 0xb7a1e698 successful
01-02 00:00:09.568 I/ExtendedUtils(  212): AV Sync late margin : Intended=40ms Using=0ms
01-02 00:00:09.568 D/AwesomePlayer(  212): Before reset_l
01-02 00:00:09.568 D/AwesomePlayer(  212): printFileName fd(27) -> /system/media/audio/ui/KeypressInvalid.ogg
01-02 00:00:09.618 D/ExtendedUtils(  212): extended extractor not needed, return default
01-02 00:00:09.618 D/AwesomePlayer(  212): Tunnel Mime Type: audio/vorbis, object alive = 0, mTunnelAliveAP = 0
01-02 00:00:09.618 D/AwesomePlayer(  212): maxPossible tunnels = 1
01-02 00:00:09.618 D/AwesomePlayer(  212): Normal Audio Playback
01-02 00:00:09.618 E/AwesomePlayer(  212): LPAPlayer::Clip duration setting of less than 30sec not supported, defaulting to 60sec
01-02 00:00:09.618 W/AwesomePlayer(  212): Trying to create tunnel player mIsTunnelAudio 0,             LPAPlayer::mObjectsAlive 0,             TunnelPlayer::mTunnelObjectsAlive = 0,            (mAudioPlayer == NULL) 1
01-02 00:00:09.618 E/AwesomePlayer(  212): LPAPlayer::Clip duration setting of less than 30sec not supported, defaulting to 60sec
01-02 00:00:09.628 I/OMXNodeInstance(  212): OMX_FreeBuffer for buffer header 0xb7a1d690 successful
01-02 00:00:09.628 I/OMXNodeInstance(  212): OMX_FreeBuffer for buffer header 0xb7a1d8a0 successful
01-02 00:00:09.628 I/OMXNodeInstance(  212): OMX_FreeBuffer for buffer header 0xb7a1d9e0 successful
01-02 00:00:09.628 I/OMXNodeInstance(  212): OMX_FreeBuffer for buffer header 0xb7a146b0 successful
01-02 00:00:09.658 I/OMXNodeInstance(  212): OMX_FreeBuffer for buffer header 0xb7a1d508 successful
01-02 00:00:09.658 I/OMXNodeInstance(  212): OMX_FreeBuffer for buffer header 0xb7a1d450 successful
01-02 00:00:09.658 I/OMXNodeInstance(  212): OMX_FreeBuffer for buffer header 0xb7a1cab0 successful
01-02 00:00:09.658 I/OMXNodeInstance(  212): OMX_FreeBuffer for buffer header 0xb7a1c960 successful
01-02 00:00:09.658 I/OMXNodeInstance(  212): OMX_FreeBuffer for buffer header 0xb7a16378 successful
01-02 00:00:09.658 I/OMXNodeInstance(  212): OMX_FreeBuffer for buffer header 0xb7a16250 successful
01-02 00:00:09.658 I/OMXNodeInstance(  212): OMX_FreeBuffer for buffer header 0xb7a16110 successful
01-02 00:00:09.658 I/OMXNodeInstance(  212): OMX_FreeBuffer for buffer header 0xb7a16038 successful
01-02 00:00:09.939 V/MediaScanner(  886): pruneDeadThumbnailFiles... android.database.sqlite.SQLiteCursor@41a3d360
01-02 00:00:09.939 V/MediaScanner(  886): /pruneDeadThumbnailFiles... android.database.sqlite.SQLiteCursor@41a3d360
01-02 00:00:10.039 E/PRDrmPlugIn(  211): PRDrmPlugin::onInitialize, uniqueId = 620
01-02 00:00:10.039 E/PRDrmPlugIn(  211): PRDrmPlugin::onSetOnInfoListener: uniqueId = 620
01-02 00:00:10.049 V/MmsConfig( 1307): mnc/mcc: 
01-02 00:00:10.049 V/MmsConfig( 1307): tag: bool value: enabledMMS - true
01-02 00:00:10.049 V/MmsConfig( 1307): tag: int value: maxMessageSize - 307200
01-02 00:00:10.049 V/MmsConfig( 1307): tag: int value: maxImageHeight - 480
01-02 00:00:10.049 V/MmsConfig( 1307): tag: int value: maxImageWidth - 640
01-02 00:00:10.049 V/MmsConfig( 1307): tag: int value: defaultSMSMessagesPerThread - 10000
01-02 00:00:10.049 V/MmsConfig( 1307): tag: int value: defaultMMSMessagesPerThread - 1000
01-02 00:00:10.049 V/MmsConfig( 1307): tag: int value: minMessageCountPerThread - 10
01-02 00:00:10.049 V/MmsConfig( 1307): tag: int value: maxMessageCountPerThread - 5000
01-02 00:00:10.059 V/MmsConfig( 1307): tag: string value: uaProfUrl - http://www.google.com/oha/rdf/ua-profile-kila.xml
01-02 00:00:10.059 V/MmsConfig( 1307): tag: int value: recipientLimit - -1
01-02 00:00:10.059 V/MmsConfig( 1307): tag: bool value: enableMultipartSMS - true
01-02 00:00:10.059 V/MmsConfig( 1307): tag: int value: smsToMmsTextThreshold - -1
01-02 00:00:10.059 V/MmsConfig( 1307): tag: bool value: enableSlideDuration - true
01-02 00:00:10.059 V/MmsConfig( 1307): tag: int value: maxMessageTextSize - -1
01-02 00:00:10.089 D/MmsSystemEventReceiver( 1307): wakeUpService: start service ...
01-02 00:00:10.089 D/MmsSystemEventReceiver( 1307): wakeUpService: start service ...
01-02 00:00:10.099 D/TransactionService( 1307): onStartCommand(): E
01-02 00:00:10.099 D/TransactionService( 1307): incRefCount() mRef=1
01-02 00:00:10.099 D/TransactionService( 1307): onStartCommand(): E
01-02 00:00:10.099 D/TransactionService( 1307): incRefCount() mRef=2
01-02 00:00:10.109 D/TransactionService( 1307): Handling incoming message: { when=0 what=5 arg1=1 obj=Intent { cmp=com.android.mms/.transaction.TransactionService } target=com.android.mms.transaction.TransactionService$ServiceHandler } = EVENT_NEW_INTENT
01-02 00:00:10.119 D/Mms:app ( 1307): cancelNotification
01-02 00:00:10.119 D/TransactionService( 1307): onNewIntent: serviceId: 1: null intent=Intent { cmp=com.android.mms/.transaction.TransactionService }
01-02 00:00:10.119 D/TransactionService( 1307):     networkAvailable=false
01-02 00:00:10.129 E/PRDrmPlugIn(  211): PRDrmPlugin::onInitialize, uniqueId = 3357
01-02 00:00:10.129 E/PRDrmPlugIn(  211): PRDrmPlugin::onSetOnInfoListener: uniqueId = 3357
01-02 00:00:10.129 D/TransactionService( 1307): Cursor= >>>>> Dumping cursor android.content.ContentResolver$CursorWrapperInner@4195bdc0
01-02 00:00:10.129 D/TransactionService( 1307): <<<<<
01-02 00:00:10.129 D/TransactionService( 1307): onNewIntent: cursor.count=0 action=null
01-02 00:00:10.129 D/TransactionService( 1307): onNewIntent: no pending messages. Stopping service.
01-02 00:00:10.139 V/TransactionService( 1307): CleanUpIfIdle: txnServ is idle
01-02 00:00:10.139 D/TransactionService( 1307): removeNotification, txnId=init
01-02 00:00:10.139 D/TransactionService( 1307): removeNotification, currentDds=0
01-02 00:00:10.139 D/TransactionService( 1307): removeNotification(), found init = null
01-02 00:00:10.139 D/TransactionService( 1307): decRefCount() mRef=1
01-02 00:00:10.139 D/TransactionService( 1307): Handling incoming message: { when=-41ms what=5 arg1=2 obj=Intent { cmp=com.android.mms/.transaction.TransactionService } target=com.android.mms.transaction.TransactionService$ServiceHandler } = EVENT_NEW_INTENT
01-02 00:00:10.149 D/TransactionService( 1307): onNewIntent: serviceId: 2: null intent=Intent { cmp=com.android.mms/.transaction.TransactionService }
01-02 00:00:10.149 D/TransactionService( 1307):     networkAvailable=false
01-02 00:00:10.149 D/TransactionService( 1307): Cursor= >>>>> Dumping cursor android.content.ContentResolver$CursorWrapperInner@419625f8
01-02 00:00:10.149 D/TransactionService( 1307): <<<<<
01-02 00:00:10.159 D/TransactionService( 1307): onNewIntent: cursor.count=0 action=null
01-02 00:00:10.159 D/TransactionService( 1307): onNewIntent: no pending messages. Stopping service.
01-02 00:00:10.159 V/TransactionService( 1307): CleanUpIfIdle: txnServ is idle
01-02 00:00:10.159 D/TransactionService( 1307): removeNotification, txnId=init
01-02 00:00:10.159 D/TransactionService( 1307): removeNotification, currentDds=0
01-02 00:00:10.159 D/TransactionService( 1307): removeNotification(), found init = null
01-02 00:00:10.159 D/TransactionService( 1307): decRefCount() mRef=0
01-02 00:00:10.489 I/CalendarProvider2( 1253): Sending notification intent: Intent { act=android.intent.action.PROVIDER_CHANGED dat=content://com.android.calendar }
01-02 00:00:10.489 W/ContentResolver( 1253): Failed to get type for: content://com.android.calendar (Unknown URL content://com.android.calendar)
01-02 00:00:10.509 D/MmsSmsDatabaseHelper(  933): [MmsSmsDb] tableName: threads hasAutoIncrement: CREATE TABLE threads (_id INTEGER PRIMARY KEY AUTOINCREMENT,date INTEGER DEFAULT 0,message_count INTEGER DEFAULT 0,recipient_ids TEXT,snippet TEXT,snippet_cs INTEGER DEFAULT 0,read INTEGER DEFAULT 1,type INTEGER DEFAULT 0,error INTEGER DEFAULT 0,has_attachment INTEGER DEFAULT 0) result: true
01-02 00:00:10.509 D/MmsSmsDatabaseHelper(  933): [MmsSmsDb] tableName: canonical_addresses hasAutoIncrement: CREATE TABLE canonical_addresses (_id INTEGER PRIMARY KEY AUTOINCREMENT,address TEXT) result: true
01-02 00:00:10.509 D/MmsSmsDatabaseHelper(  933): [MmsSmsDb] tableName: part hasAutoIncrement: CREATE TABLE part (_id INTEGER PRIMARY KEY AUTOINCREMENT,mid INTEGER,seq INTEGER DEFAULT 0,ct TEXT,name TEXT,chset INTEGER,cd TEXT,fn TEXT,cid TEXT,cl TEXT,ctt_s INTEGER,ctt_t TEXT,_data TEXT,text TEXT) result: true
01-02 00:00:10.519 D/MmsSmsDatabaseHelper(  933): [MmsSmsDb] tableName: pdu hasAutoIncrement: CREATE TABLE pdu (_id INTEGER PRIMARY KEY AUTOINCREMENT,thread_id INTEGER,date INTEGER,date_sent INTEGER DEFAULT 0,msg_box INTEGER,read INTEGER DEFAULT 0,m_id TEXT,sub TEXT,sub_cs INTEGER,ct_t TEXT,ct_l TEXT,exp INTEGER,m_cls TEXT,m_type INTEGER,v INTEGER,m_size INTEGER,pri INTEGER,rr INTEGER,rpt_a INTEGER,resp_st INTEGER,st INTEGER,tr_id TEXT,retr_st INTEGER,retr_txt TEXT,retr_txt_cs INTEGER,read_status INTEGER,ct_cls INTEGER,resp_txt TEXT,d_tm INTEGER,d_rpt INTEGER,locked INTEGER DEFAULT 0,seen INTEGER DEFAULT 0,text_only INTEGER DEFAULT 0,sub_id INTEGER DEFAULT 0) result: true
01-02 00:00:10.519 D/MmsSmsDatabaseHelper(  933): [getWritableDatabase] hasAutoIncrementThreads: true hasAutoIncrementAddresses: true hasAutoIncrementPart: true hasAutoIncrementPdu: true
01-02 00:00:10.549 D/Mms:app ( 1307): cancelNotification
01-02 00:00:10.589 E/jdwp    ( 1339): Failed sending reply to debugger: Broken pipe
01-02 00:00:10.589 D/dalvikvm( 1339): Debugger has detached; object registry had 1 entries
01-02 00:00:10.609 V/OneTimeInitializerRece( 1339): OneTimeInitializerReceiver.onReceive
01-02 00:00:10.829 D/CABL    ( 1367): PostProc daemon status: running
01-02 00:00:10.849 D/CABL    ( 1367): Connected to the daemon socket
01-02 00:00:10.849 D/CABL    ( 1367): Bootup: CABL state is:true
01-02 00:00:10.849 D/CABL    ( 1367): Starting CABL at bootup
01-02 00:00:10.880 D/CABL    ( 1367): PostProc Daemon sent: Success
01-02 00:00:10.880 D/CABL    ( 1367): Matching expected outcome Success with response from daemon Success
01-02 00:00:11.000 D/ExtensionsFactory( 1387): No custom extensions.
01-02 00:00:11.000 D/AlertReceiver( 1387): onReceive: a=android.intent.action.BOOT_COMPLETED Intent { act=android.intent.action.BOOT_COMPLETED flg=0x8000010 cmp=com.android.calendar/.alerts.AlertReceiver (has extras) }
01-02 00:00:11.010 D/AlertService( 1387): 0 Action = android.intent.action.BOOT_COMPLETED
01-02 00:00:11.010 D/AlertService( 1387): Scheduling next alarm with AlarmScheduler. sEventReminderReceived: null
01-02 00:00:11.030 D/AlarmScheduler( 1387): No events found starting within 1 week.
01-02 00:00:13.072 I/QCNEJ   (  733): |CORE:COM:RCVR| CNE creating socket
01-02 00:00:17.076 I/QCNEJ   (  733): |CORE:COM:RCVR| CNE creating socket
01-02 00:00:19.768 D/SurfaceFlinger(  209): Screen released, type=0 flinger=0xb85cb450
01-02 00:00:19.778 D/qdhwcomposer(  209): hwc_blank: Blanking display: 0
01-02 00:00:19.788 V/KeyguardServiceDelegate(  733): onScreenTurnedOn(showListener = com.android.internal.policy.impl.PhoneWindowManager$20@41a10738)
01-02 00:00:19.878 D/qdhwcomposer(  209): hwc_blank: Done blanking display: 0
01-02 00:00:19.878 D/SurfaceControl(  733): Excessive delay in blankDisplay() while turning screen off: 108ms
01-02 00:00:19.908 V/AudioHardwareALSA(  212): virtual android::status_t android_audio_legacy::AudioHardwareALSA::setParameters(const android::String8&)() ,screen_state=on
01-02 00:00:19.968 V/KeyguardServiceDelegate(  733): **** SHOWN CALLED ****
01-02 00:00:20.028 V/AudioHardwareALSA(  212): virtual android::status_t android_audio_legacy::AudioHardwareALSA::setParameters(const android::String8&)() ,screen_state=off
01-02 00:00:20.038 V/KeyguardHostView(  795): Initial transport state: 1, pbstate=0
01-02 00:00:20.109 D/dalvikvm(  733): GC_FOR_ALLOC freed 1928K, 50% free 5562K/10988K, paused 47ms, total 47ms
01-02 00:00:20.249 D/dalvikvm(  795): GC_FOR_ALLOC freed 4598K, 41% free 8365K/14060K, paused 31ms, total 31ms
01-02 00:00:20.309 V/KeyguardHostView(  795): music state changed: 0
01-02 00:00:21.069 I/QCNEJ   (  733): |CORE:COM:RCVR| CNE creating socket
01-02 00:00:24.082 D/CellBroadcastReceiver( 1442): onReceive Intent { act=android.intent.action.BOOT_COMPLETED flg=0x8000010 cmp=com.android.cellbroadcastreceiver/.CellBroadcastReceiver (has extras) }
01-02 00:00:24.082 D/CellBroadcastReceiver( 1442): Registering for ServiceState updates
01-02 00:00:24.122 D/CellBroadcastReceiver( 1442): Service state changed! 1 Full: 1 1 home null null null  Unknown Unknown CSS not supported -1 -1 RoamInd=-1 DefRoamInd=-1 EmergOnly=false
01-02 00:00:24.373 D/dalvikvm(  210): GC_EXPLICIT freed 42K, 76% free 2711K/10988K, paused 5ms+5ms, total 197ms
01-02 00:00:24.433 D/dalvikvm(  210): GC_EXPLICIT freed <1K, 76% free 2711K/10988K, paused 4ms+2ms, total 58ms
01-02 00:00:24.453 D/dalvikvm(  210): GC_EXPLICIT freed <1K, 76% free 2711K/10988K, paused 1ms+1ms, total 19ms
01-02 00:00:24.483 V/AlarmClock( 1456): AlarmInitReceiver android.intent.action.BOOT_COMPLETED
01-02 00:00:24.523 V/AlarmClock( 1456): AlarmInitReceiver - Reset timers and clear stopwatch data
01-02 00:00:24.543 I/AlarmClock( 1456): Displaying next alarm time: ''
01-02 00:00:24.553 V/AlarmClock( 1456): AlarmInitReceiver finished
01-02 00:00:24.583 E/jdwp    ( 1476): Failed sending reply to debugger: Broken pipe
01-02 00:00:24.583 D/dalvikvm( 1476): Debugger has detached; object registry had 1 entries
01-02 00:00:24.743 D/EmailBroadcastReceiver( 1476): Received android.intent.action.BOOT_COMPLETED
01-02 00:00:25.003 I/Email   ( 1476): Observing account changes for notifications
01-02 00:00:25.073 I/QCNEJ   (  733): |CORE:COM:RCVR| CNE creating socket
01-02 00:00:25.103 I/LauncherIconVisibilityManager(  902): Boot has been completed
01-02 00:00:25.103 I/LauncherIconVisibilityManager(  902): Activity has already been disabled: ComponentInfo{com.android.inputmethod.latin/com.android.inputmethod.latin.setup.SetupActivity}
01-02 00:00:25.163 D/AIDL    ( 1512):  QrcsImsSettingsBootReceiver START RCS SERVICE ON BOOTUP
01-02 00:00:25.163 D/QrcsImsSettingsBootReceiver( 1512): Start Service on Boot Up call
01-02 00:00:25.163 D/QrcsImsSettingsBootReceiver( 1512): End Service on Boot Up call
01-02 00:00:25.163 I/QrcsImsSettingsService( 1512): Loading Presence libraries 
01-02 00:00:25.173 D/dalvikvm( 1512): No JNI_OnLoad found in /system/lib/libidl.so 0x4190d490, skipping init
01-02 00:00:25.173 D/dalvikvm( 1512): No JNI_OnLoad found in /system/lib/libcutils.so 0x4190d490, skipping init
01-02 00:00:25.183 D/dalvikvm( 1512): No JNI_OnLoad found in /system/lib/libqmiservices.so 0x4190d490, skipping init
01-02 00:00:25.193 D/dalvikvm( 1512): No JNI_OnLoad found in /system/lib/libqmi_client_qmux.so 0x4190d490, skipping init
01-02 00:00:25.193 D/dalvikvm( 1512): No JNI_OnLoad found in /vendor/lib/libqmi_cci.so 0x4190d490, skipping init
01-02 00:00:25.203 D/dalvikvm( 1512): No JNI_OnLoad found in /vendor/lib/lib-imss.so 0x4190d490, skipping init
01-02 00:00:25.213 D/aks     ( 1512):  jni JNI_OnLoad start 
01-02 00:00:25.213 I/QrcsImsSettingsService( 1512): OnCreate()
01-02 00:00:25.244 D/BluetoothAdapter( 1047): 1100057960: getState() :  mService = null. Returning STATE_OFF
01-02 00:00:25.264 V/SmsReceiverService( 1307): onStart: #1 mResultCode: -1 = Activity.RESULT_OK
01-02 00:00:25.294 D/AlertReceiver( 1387): onReceive: a=android.intent.action.PROVIDER_CHANGED Intent { act=android.intent.action.PROVIDER_CHANGED dat=content://com.android.calendar flg=0x10 cmp=com.android.calendar/.alerts.AlertReceiver }
01-02 00:00:25.304 D/AlertService( 1387): 0 Action = android.intent.action.PROVIDER_CHANGED
01-02 00:00:29.077 I/QCNEJ   (  733): |CORE:COM:RCVR| CNE creating socket
01-02 00:00:29.127 V/KeyguardServiceDelegate(  733): onScreenTurnedOn(showListener = com.android.internal.policy.impl.PhoneWindowManager$20@41b07830)
01-02 00:00:29.167 V/AudioHardwareALSA(  212): virtual android::status_t android_audio_legacy::AudioHardwareALSA::setParameters(const android::String8&)() ,screen_state=on
01-02 00:00:29.227 V/KeyguardServiceDelegate(  733): **** SHOWN CALLED ****
01-02 00:00:29.237 D/PowerManagerService-JNI(  733): Excessive delay in autosuspend_disable() while turning screen on: 118ms
01-02 00:00:29.237 I/QCOM PowerHAL(  733): Perflock released.
01-02 00:00:29.247 D/SurfaceFlinger(  209): Screen acquired, type=0 flinger=0xb85cb450
01-02 00:00:29.247 D/qdhwcomposer(  209): hwc_blank: Unblanking display: 0
01-02 00:00:29.558 D/qdhwcomposer(  209): hwc_blank: Done unblanking display: 0
01-02 00:00:29.568 D/SurfaceControl(  733): Excessive delay in unblankDisplay() while turning screen on: 323ms
01-02 00:00:30.298 I/GlobalDismissManager( 1387): no sender configured
01-02 00:00:30.298 D/AlertService( 1387): Beginning updateAlertNotification
