01-02 00:00:03.963 W/Binder  (  733): 	at com.android.server.power.PowerManagerService.updateWakeLockUids(PowerManagerService.java:774)
01-02 00:00:03.963 W/Binder  (  733): 	at android.os.IPowerManager$Stub.onTransact(IPowerManager.java:103)
01-02 00:00:03.963 W/Binder  (  733): 	at android.os.Binder.execTransact(Binder.java:404)
01-02 00:00:03.963 W/Binder  (  733): 	at dalvik.system.NativeStart.run(Native Method)
01-02 00:00:03.973 D/ALSADevice(  212): setHardwareParams: buffer_size 2048, period_size 1024, period_cnt 2
01-02 00:00:03.973 I/AudioFlinger(  212): HAL output buffer size 256 frames, normal mix buffer size 1024 frames
01-02 00:00:03.973 I/AudioMixer(  212): found effect "Multichannel Downmix To Stereo" from The Android Open Source Project
01-02 00:00:03.973 E/MonoPipe(  212): Failed to fetch local time frequency when constructing a MonoPipe (res = -32).  getNextWriteTimestamp calls will be non-functional
01-02 00:00:03.973 I/AudioFlinger(  212): AudioFlinger's thread 0xb5906008 ready to run
01-02 00:00:03.973 W/SRS_ProcWS(  212): SRS_Processing - SourceOutAdd - No Available Slot for 0xb5906008
01-02 00:00:03.973 D/ALSAStreamOps(  212): setParameters(): keyRouting with device 0x2
01-02 00:00:03.973 D/ALSAStreamOps(  212): setParameters(): keyRouting with device 0x2
01-02 00:00:03.973 V/AudioHardwareALSA(  212): device = 0x2,mCurDevice 0x2
01-02 00:00:03.973 V/AudioHardwareALSA(  212): doRouting: device 0x2 newMode 0 mVoiceCallState 1            mVolteCallActive 1 mVoice2CallActive 1 mIsFmActive 0
01-02 00:00:03.973 V/AudioHardwareALSA(  212): bool android_audio_legacy::AudioHardwareALSA::isAnyCallActive()() ret=0
01-02 00:00:03.973 V/ALSADevice(  212): mInChannels:1
01-02 00:00:03.973 D/ALSADevice(  212): route: devices 0x2 in mode 0
01-02 00:00:03.973 V/ALSADevice(  212): switchDevice: device 0x2 mode:0
01-02 00:00:03.973 V/ALSADevice(  212): getUCMDevice for output device: devices:2 is input device:0
01-02 00:00:03.973 D/ALSADevice(  212): Using output : lime
01-02 00:00:03.973 V/ALSADevice(  212): switchDevice: rxDevice OutputLime devices:0x2
01-02 00:00:03.973 V/ALSADevice(  212): getUCMDevice for input device: devices:0 is input device:1
01-02 00:00:03.973 D/ALSADevice(  212): No valid input device: 0
01-02 00:00:03.973 V/ALSADevice(  212): switchDevice: txDevice:(null) devices:0x2
01-02 00:00:03.973 V/ALSADevice(  212): switchDevice,rxDev:OutputLime, txDev:(null), curRxDev:OutputLime, curTxDev:None
01-02 00:00:03.973 D/alsa_ucm(  212): snd_use_case_set(): uc_mgr 0xb79bff60 identifier _enadev value OutputLime
01-02 00:00:03.973 D/alsa_ucm(  212): Set mixer controls for HiFi Lowlatency enable 1
01-02 00:00:03.973 D/alsa_ucm(  212): Setting mixer control: SLIMBUS_0_RX Audio Mixer MultiMedia5, value: 1
01-02 00:00:03.973 D/ALSADevice(  212): switchDevice: mCurTxUCMDevivce None mCurRxDevDevice OutputLime
01-02 00:00:03.973 D/ALSADevice(  212): standby: handle 0xb79fc7a8 h 0x0
01-02 00:00:03.973 V/ALSADevice(  212): standby handle h 0xb79fcb10
01-02 00:00:03.973 I/r_submix(  212): adev_open(name=audio_hw_if)
01-02 00:00:03.973 I/r_submix(  212): adev_init_check()
01-02 00:00:03.973 I/AudioFlinger(  212): loadHwModule() Loaded r_submix audio interface from Wifi Display audio HAL (audio) handle 4
01-02 00:00:03.973 I/AudioPolicyService(  212): Loaded audio policy from QCOM Audio Policy HAL (audio_policy)
01-02 00:00:03.983 D/alsa_ucm(  212): snd_use_case_set(): uc_mgr 0xb79bff60 identifier _verb value Inactive
01-02 00:00:03.983 D/alsa_ucm(  212): Set mixer controls for HiFi Lowlatency enable 0
01-02 00:00:03.983 D/alsa_ucm(  212): Setting mixer control: SLIMBUS_0_RX Audio Mixer MultiMedia5, value: 0
01-02 00:00:03.983 V/ALSADevice(  212): Number of modifiers 0
01-02 00:00:03.983 V/ALSADevice(  212): usecase_type is 0
01-02 00:00:03.983 D/alsa_ucm(  212): snd_use_case_set(): uc_mgr 0xb79bff60 identifier _disdev value OutputLime
01-02 00:00:03.983 D/alsa_ucm(  212): Set mixer controls for OutputLime enable 0
01-02 00:00:03.983 D/alsa_ucm(  212): Setting mixer control: RX3 MIX1 INP1, value: ZERO
01-02 00:00:03.983 D/alsa_ucm(  212): Setting mixer control: RX5 MIX1 INP1, value: ZERO
01-02 00:00:03.983 D/alsa_ucm(  212): Setting mixer control: RX4 DSM MUX, value: DSM_INV
01-02 00:00:03.983 D/alsa_ucm(  212): Setting mixer control: RX6 DSM MUX, value: DSM_INV
01-02 00:00:03.983 D/alsa_ucm(  212): Setting mixer control: LINEOUT1 Volume, value: 0
01-02 00:00:03.993 D/alsa_ucm(  212): Setting mixer control: LINEOUT2 Volume, value: 0
01-02 00:00:03.993 D/alsa_ucm(  212): Setting mixer control: LINEOUT3 Volume, value: 0
01-02 00:00:03.993 D/alsa_ucm(  212): Setting mixer control: LINEOUT4 Volume, value: 0
01-02 00:00:03.993 V/AudioHardwareALSA(  212): closeUsbPlaybackIfNothingActive, musbPlaybackState: 0
01-02 00:00:03.993 D/AudioUsbALSA(  212): exitPlaybackThread, mproxypfdPlayback: -1
01-02 00:00:03.993 D/AudioUsbALSA(  212): closeDevice handle 0x0
01-02 00:00:03.993 D/AudioUsbALSA(  212): closeDevice handle 0x0
01-02 00:00:04.023 W/ResourceType(  733): Failure getting entry for 0x7f04000f (t=3 e=15) in package 0 (error -75)
01-02 00:00:04.023 W/ResourceType(  733): Failure getting entry for 0x7f04000f (t=3 e=15) in package 0 (error -75)
01-02 00:00:04.393 D/PackageManager(  733): No files in app dir /vendor/app
01-02 00:00:04.613 D/dalvikvm(  733): GC_EXPLICIT freed 2762K, 58% free 4715K/10988K, paused 2ms+5ms, total 42ms
01-02 00:00:04.713 E/ConsumerIrService(  733): Can't open consumer IR HW Module, error: -2
01-02 00:00:04.723 I/libsuspend(  733): Selected early suspend
01-02 00:00:04.723 I/libsuspend(  733): Starting early suspend unblocker thread
01-02 00:00:04.723 D/PermissionCache(  209): checking android.permission.ACCESS_SURFACE_FLINGER for uid=1000 => granted (457 us)
01-02 00:00:04.723 D/SurfaceFlinger(  209): Screen acquired, type=0 flinger=0xb85cb450
01-02 00:00:04.723 D/SurfaceFlinger(  209):  screen was previously acquired
01-02 00:00:04.784 D/BluetoothManagerService(  733): Loading stored name and address
01-02 00:00:04.784 D/BluetoothManagerService(  733): Stored bluetooth Name=QCOM-BTD,Address=00:3C:7F:F0:F0:0A
01-02 00:00:04.784 D/EventHub(  733): No input device configuration file found for device 'pmic8xxx_pwrkey'.
01-02 00:00:04.794 W/EventHub(  733): Unable to disable kernel key repeat for /dev/input/event0: Function not implemented
01-02 00:00:04.794 I/EventHub(  733): New device: id=1, fd=101, path='/dev/input/event0', name='pmic8xxx_pwrkey', classes=0x1, configuration='', keyLayout='/system/usr/keylayout/Generic.kl', keyCharacterMap='/system/usr/keychars/Generic.kcm', builtinKeyboard=false, usingSuspendBlockIoctl=true, usingClockIoctl=true
01-02 00:00:04.794 D/EventHub(  733): No input device configuration file found for device 'apq8064-tabla-snd-card Headset Jack'.
01-02 00:00:04.794 I/EventHub(  733): New device: id=2, fd=103, path='/dev/input/event3', name='apq8064-tabla-snd-card Headset Jack', classes=0x80, configuration='', keyLayout='', keyCharacterMap='', builtinKeyboard=false, usingSuspendBlockIoctl=true, usingClockIoctl=true
01-02 00:00:04.794 D/EventHub(  733): No input device configuration file found for device 'apq8064-tabla-snd-card Button Jack'.
01-02 00:00:04.794 W/EventHub(  733): Unable to disable kernel key repeat for /dev/input/event2: Function not implemented
01-02 00:00:04.794 I/EventHub(  733): New device: id=3, fd=104, path='/dev/input/event2', name='apq8064-tabla-snd-card Button Jack', classes=0x41, configuration='', keyLayout='/system/usr/keylayout/Generic.kl', keyCharacterMap='/system/usr/keychars/Generic.kcm', builtinKeyboard=false, usingSuspendBlockIoctl=true, usingClockIoctl=true
01-02 00:00:04.794 D/EventHub(  733): No input device configuration file found for device 'himax-touchscreen'.
01-02 00:00:04.794 I/EventHub(  733): New device: id=4, fd=102, path='/dev/input/event1', name='himax-touchscreen', classes=0x14, configuration='', keyLayout='', keyCharacterMap='', builtinKeyboard=false, usingSuspendBlockIoctl=true, usingClockIoctl=true
01-02 00:00:04.794 E/EventHub(  733): could not get driver version for /dev/input/mice, Not a typewriter
01-02 00:00:04.804 W/ResourceType(  733): Failure getting entry for 0x7f060000 (t=5 e=0) in package 0 (error -75)
01-02 00:00:04.824 I/InputReader(  733): Device added: id=-1, name='Virtual', sources=0x00000301
01-02 00:00:04.824 I/InputReader(  733):   Touch device 'himax-touchscreen' could not query the properties of its associated display.  The device will be inoperable until the display size becomes available.
01-02 00:00:04.824 I/InputReader(  733): Device added: id=4, name='himax-touchscreen', sources=0x00001002
01-02 00:00:04.824 I/InputReader(  733): Device added: id=3, name='apq8064-tabla-snd-card Button Jack', sources=0x00000501
01-02 00:00:04.824 I/InputReader(  733): Device added: id=2, name='apq8064-tabla-snd-card Headset Jack', sources=0x80000000
01-02 00:00:04.824 I/InputReader(  733): Device added: id=1, name='pmic8xxx_pwrkey', sources=0x00000101
01-02 00:00:04.854 I/InputReader(  733): Reconfiguring input devices.  changes=0x00000004
01-02 00:00:04.854 I/InputReader(  733): Device reconfigured: id=4, name='himax-touchscreen', size 480x864, orientation 0, mode 1, display id 0
01-02 00:00:04.894 I/PackageManager(  733): No secure containers on sdcard
01-02 00:00:05.034 W/dalvikvm(  733): method Lcom/android/server/QcConnectivityService;.convertFeatureToNetworkType incorrectly overrides package-private method with same name in Lcom/android/server/ConnectivityService;
01-02 00:00:05.034 W/dalvikvm(  733): method Lcom/android/server/QcConnectivityService;.setAlarm incorrectly overrides package-private method with same name in Lcom/android/server/ConnectivityService;
01-02 00:00:05.034 W/dalvikvm(  733): method Lcom/android/server/QcConnectivityService;.systemReady incorrectly overrides package-private method with same name in Lcom/android/server/ConnectivityService;
01-02 00:00:05.044 D/ConnectivityServiceHSM(  733): ConnectivityServiceHSM entering DefaultConnectivityState
01-02 00:00:05.054 D/BluetoothTethering(  733): startMonitoring: target: Handler (com.android.internal.util.StateMachine$SmHandler) {41bf5fc0}
01-02 00:00:05.054 D/BluetoothTethering(  733): startMonitoring: mCsHandler: Handler (com.android.internal.util.StateMachine$SmHandler) {41bf5fc0}
01-02 00:00:05.054 D/BluetoothManagerService(  733): Message: 20
01-02 00:00:05.054 D/BluetoothManagerService(  733): Added callback: android.bluetooth.BluetoothAdapter$1@41d0e0c8:true
01-02 00:00:05.054 D/BluetoothManagerService(  733): Message: 30
01-02 00:00:05.054 D/Tethering(  733): Exception adding default nw to upstreamIfaceTypes: java.lang.NullPointerException
01-02 00:00:05.074 I/QCNEJ   (  733): |CORE:COM:RCVR| CNE creating socket
01-02 00:00:05.084 D/WifiWatchdogStateMachine(  733): Disabling poor network avoidance for wi-fi only device
01-02 00:00:05.224 I/MediaFocusControl(  733):   Remote Control   registerMediaButtonIntent() for PendingIntent{41a83968: PendingIntentRecord{41a838c8 android broadcastIntent}}
01-02 00:00:05.224 D/WifiHW  (  733): Unable to unload driver module "wlan": No such file or directory
01-02 00:00:05.504 I/WindowManager(  733): SAFE MODE not enabled
01-02 00:00:05.504 D/dalvikvm(  733): JIT started for system_server
01-02 00:00:05.524 D/Atlas   (  733): Loaded configuration: SliceMinArea (768x768) flags=0x2 count=24
01-02 00:00:05.564 I/Adreno-EGL(  733): <qeglDrvAPI_eglInitialize:381>: EGL 1.4 QUALCOMM build: AU_LINUX_ANDROID_KK_2.7_RB1.04.04.02.007.040_msm8960_KK_2.7_RB1_CL3869936_release_AU (CL3869936)
01-02 00:00:05.564 I/Adreno-EGL(  733): OpenGL ES Shader Compiler Version: 17.01.12.SPL
01-02 00:00:05.564 I/Adreno-EGL(  733): Build Date: 02/24/14 Mon
01-02 00:00:05.564 I/Adreno-EGL(  733): Local Branch: 
01-02 00:00:05.564 I/Adreno-EGL(  733): Remote Branch: quic/kk_2.7_rb1.28
01-02 00:00:05.564 I/Adreno-EGL(  733): Local Patches: NONE
01-02 00:00:05.564 I/Adreno-EGL(  733): Reconstruct Branch: AU_LINUX_ANDROID_KK_2.7_RB1.04.04.02.007.040 + adff0e1 + fed91a3 + f6acee5 + 7174af8 + e088f4b +  NOTHING
01-02 00:00:05.574 I/Zygote  (  733): Process: zygote socket opened
01-02 00:00:05.594 V/KeyguardServiceDelegate(  733): *** Keyguard started
01-02 00:00:05.594 V/KeyguardServiceDelegate(  733): onSystemReady() called before keyguard service was ready
01-02 00:00:05.604 E/jdwp    (  795): Failed sending reply to debugger: Broken pipe
01-02 00:00:05.614 D/dalvikvm(  795): Debugger has detached; object registry had 1 entries
01-02 00:00:05.644 D/dalvikvm(  733): GC_FOR_ALLOC freed 1776K, 55% free 4987K/10988K, paused 32ms, total 33ms
01-02 00:00:05.654 D/Atlas   (  733): Rendered atlas in 92.68ms (4.27+88.41ms)
01-02 00:00:05.755 V/KeyguardService(  795): onCreate()
01-02 00:00:05.775 E/OMXMaster(  212): A component of name 'OMX.qcom.audio.decoder.aac' already exists, ignoring this one.
01-02 00:00:05.775 I/ExtendedUtils(  212): AV Sync late margin : Intended=40ms Using=0ms
01-02 00:00:05.775 D/AwesomePlayer(  212): Before reset_l
01-02 00:00:05.775 D/AwesomePlayer(  212): printFileName fd(25) -> /system/media/audio/ui/Lock.ogg
01-02 00:00:05.785 E/WVMExtractor(  212): Failed to open libwvm.so
01-02 00:00:05.815 D/ExtendedUtils(  212): extended extractor not needed, return default
01-02 00:00:05.825 D/AwesomePlayer(  212): Tunnel Mime Type: audio/vorbis, object alive = 0, mTunnelAliveAP = 0
01-02 00:00:05.825 D/AwesomePlayer(  212): maxPossible tunnels = 1
01-02 00:00:05.825 D/AwesomePlayer(  212): Normal Audio Playback
01-02 00:00:05.825 E/AwesomePlayer(  212): LPAPlayer::Clip duration setting of less than 30sec not supported, defaulting to 60sec
01-02 00:00:05.835 W/AwesomePlayer(  212): Trying to create tunnel player mIsTunnelAudio 0,             LPAPlayer::mObjectsAlive 0,             TunnelPlayer::mTunnelObjectsAlive = 0,            (mAudioPlayer == NULL) 1
01-02 00:00:05.835 E/AwesomePlayer(  212): LPAPlayer::Clip duration setting of less than 30sec not supported, defaulting to 60sec
01-02 00:00:05.835 I/OMXNodeInstance(  212): OMX_FreeBuffer for buffer header 0xb7a19ab8 successful
01-02 00:00:05.835 I/OMXNodeInstance(  212): OMX_FreeBuffer for buffer header 0xb7a19bb8 successful
01-02 00:00:05.835 I/OMXNodeInstance(  212): OMX_FreeBuffer for buffer header 0xb7a13dd0 successful
01-02 00:00:05.835 I/OMXNodeInstance(  212): OMX_FreeBuffer for buffer header 0xb7a13ed8 successful
01-02 00:00:05.845 D/SystemUIService(  795): loading: class com.android.systemui.recent.Recents
01-02 00:00:05.845 D/SystemUIService(  795): running: com.android.systemui.recent.Recents@419564e8
01-02 00:00:05.845 D/SystemUIService(  795): loading: class com.android.systemui.statusbar.SystemBars
01-02 00:00:05.845 D/SystemUIService(  795): running: com.android.systemui.statusbar.SystemBars@41956ad0
01-02 00:00:05.855 D/SystemUIService(  795): loading: class com.android.systemui.usb.StorageNotification
01-02 00:00:05.855 D/SystemUIService(  795): running: com.android.systemui.usb.StorageNotification@41958830
01-02 00:00:05.855 D/SystemUIService(  795): loading: class com.android.systemui.power.PowerUI
01-02 00:00:05.865 D/SystemUIService(  795): running: com.android.systemui.power.PowerUI@41959e90
01-02 00:00:05.865 D/SystemUIService(  795): loading: class com.android.systemui.media.RingtonePlayer
01-02 00:00:05.865 D/SystemUIService(  795): running: com.android.systemui.media.RingtonePlayer@4195ab90
01-02 00:00:05.865 D/SystemUIService(  795): loading: class com.android.systemui.settings.SettingsUI
01-02 00:00:05.865 D/SystemUIService(  795): running: com.android.systemui.settings.SettingsUI@4195be78
01-02 00:00:05.885 D/PhoneStatusBar(  795): mSettingsPanelGravity = 55
01-02 00:00:05.905 I/OMXNodeInstance(  212): OMX_FreeBuffer for buffer header 0xb7a19930 successful
01-02 00:00:05.905 I/OMXNodeInstance(  212): OMX_FreeBuffer for buffer header 0xb7a19878 successful
01-02 00:00:05.905 I/OMXNodeInstance(  212): OMX_FreeBuffer for buffer header 0xb7a197a8 successful
01-02 00:00:05.905 I/OMXNodeInstance(  212): OMX_FreeBuffer for buffer header 0xb7a195f0 successful
01-02 00:00:05.905 I/OMXNodeInstance(  212): OMX_FreeBuffer for buffer header 0xb7a14728 successful
01-02 00:00:05.905 I/OMXNodeInstance(  212): OMX_FreeBuffer for buffer header 0xb7a22d98 successful
01-02 00:00:05.905 I/OMXNodeInstance(  212): OMX_FreeBuffer for buffer header 0xb7a13f40 successful
01-02 00:00:05.905 I/OMXNodeInstance(  212): OMX_FreeBuffer for buffer header 0xb7a13e20 successful
01-02 00:00:05.915 I/ExtendedUtils(  212): AV Sync late margin : Intended=40ms Using=0ms
01-02 00:00:05.915 D/AwesomePlayer(  212): Before reset_l
01-02 00:00:05.915 D/AwesomePlayer(  212): printFileName fd(25) -> /system/media/audio/ui/Unlock.ogg
01-02 00:00:05.945 D/ExtendedUtils(  212): extended extractor not needed, return default
01-02 00:00:05.945 D/AwesomePlayer(  212): Tunnel Mime Type: audio/vorbis, object alive = 0, mTunnelAliveAP = 0
01-02 00:00:05.945 D/AwesomePlayer(  212): maxPossible tunnels = 1
01-02 00:00:05.945 D/AwesomePlayer(  212): Normal Audio Playback
01-02 00:00:05.945 E/AwesomePlayer(  212): LPAPlayer::Clip duration setting of less than 30sec not supported, defaulting to 60sec
01-02 00:00:05.965 W/AwesomePlayer(  212): Trying to create tunnel player mIsTunnelAudio 0,             LPAPlayer::mObjectsAlive 0,             TunnelPlayer::mTunnelObjectsAlive = 0,            (mAudioPlayer == NULL) 1
01-02 00:00:05.965 E/AwesomePlayer(  212): LPAPlayer::Clip duration setting of less than 30sec not supported, defaulting to 60sec
01-02 00:00:05.965 I/OMXNodeInstance(  212): OMX_FreeBuffer for buffer header 0xb7a1d0d8 successful
01-02 00:00:05.965 I/OMXNodeInstance(  212): OMX_FreeBuffer for buffer header 0xb7a16980 successful
01-02 00:00:05.965 I/OMXNodeInstance(  212): OMX_FreeBuffer for buffer header 0xb7a17228 successful
01-02 00:00:05.965 I/OMXNodeInstance(  212): OMX_FreeBuffer for buffer header 0xb7a17318 successful
01-02 00:00:05.975 I/OMXNodeInstance(  212): OMX_FreeBuffer for buffer header 0xb7a1cf50 successful
01-02 00:00:05.975 I/OMXNodeInstance(  212): OMX_FreeBuffer for buffer header 0xb7a1ce98 successful
01-02 00:00:05.975 I/OMXNodeInstance(  212): OMX_FreeBuffer for buffer header 0xb7a1cdc8 successful
01-02 00:00:05.975 I/OMXNodeInstance(  212): OMX_FreeBuffer for buffer header 0xb7a1cc78 successful
01-02 00:00:05.985 I/OMXNodeInstance(  212): OMX_FreeBuffer for buffer header 0xb7a168d0 successful
01-02 00:00:05.985 I/OMXNodeInstance(  212): OMX_FreeBuffer for buffer header 0xb7a17330 successful
01-02 00:00:05.985 I/OMXNodeInstance(  212): OMX_FreeBuffer for buffer header 0xb7a17228 successful
01-02 00:00:05.985 I/OMXNodeInstance(  212): OMX_FreeBuffer for buffer header 0xb7a1cfd8 successful
01-02 00:00:06.075 V/PhoneStatusBar/NavigationBarView(  795): touchEnabled:false
01-02 00:00:06.125 D/BluetoothManagerService(  733): Message: 20
01-02 00:00:06.125 D/BluetoothManagerService(  733): Added callback: android.bluetooth.IBluetoothManagerCallback$Stub$Proxy@4199c670:true
01-02 00:00:06.125 D/BluetoothAdapter(  795): 1101229256: getState() :  mService = null. Returning STATE_OFF
01-02 00:00:06.125 D/BluetoothAdapter(  795): 1101229256: getState() :  mService = null. Returning STATE_OFF
01-02 00:00:06.225 D/BluetoothAdapter(  795): 1101229256: getState() :  mService = null. Returning STATE_OFF
01-02 00:00:06.265 D/PhoneStatusBar(  795): disable: < expand icons alerts ticker system_info back home recent clock search >
01-02 00:00:06.315 D/ConnectivityServiceHSM(  733): Actual State: DefaultConnectivityState, Current State: DefaultConnectivityState.processMessage what=109
01-02 00:00:06.325 D/BluetoothAdapter(  795): 1101229256: getState() :  mService = null. Returning STATE_OFF
01-02 00:00:06.325 D/BluetoothAdapter(  795): 1101229256: getState() :  mService = null. Returning STATE_OFF
01-02 00:00:06.335 D/PhoneStatusBar(  795): heads up is disabled
01-02 00:00:06.495 I/Adreno-EGL(  795): <qeglDrvAPI_eglInitialize:381>: EGL 1.4 QUALCOMM build: AU_LINUX_ANDROID_KK_2.7_RB1.04.04.02.007.040_msm8960_KK_2.7_RB1_CL3869936_release_AU (CL3869936)
01-02 00:00:06.495 I/Adreno-EGL(  795): OpenGL ES Shader Compiler Version: 17.01.12.SPL
01-02 00:00:06.495 I/Adreno-EGL(  795): Build Date: 02/24/14 Mon
01-02 00:00:06.495 I/Adreno-EGL(  795): Local Branch: 
01-02 00:00:06.495 I/Adreno-EGL(  795): Remote Branch: quic/kk_2.7_rb1.28
01-02 00:00:06.495 I/Adreno-EGL(  795): Local Patches: NONE
01-02 00:00:06.495 I/Adreno-EGL(  795): Reconstruct Branch: AU_LINUX_ANDROID_KK_2.7_RB1.04.04.02.007.040 + adff0e1 + fed91a3 + f6acee5 + 7174af8 + e088f4b +  NOTHING
01-02 00:00:06.515 W/ResourceType(  733): Failure getting entry for 0x7f060000 (t=5 e=0) in package 0 (error -75)
01-02 00:00:06.555 D/OpenGLRenderer(  795): Enabling debug mode 0
01-02 00:00:06.806 I/ContactLocale(  864): AddressBook Labels [en_US]: [, A, B, C, D, E, F, G, H, I, J, K, L, M, N, O, P, Q, R, S, T, U, V, W, X, Y, Z, , , , , , , , , , , , , , , , , , , , , , , , , , , , , , , , , , , , , , , , , , , , , , , , , , , , , , , , , , , , , , , , , , , , , , , , , , , , , , , , , , , , , , , , , , , , , , , , , , , , , , , , , , , , , , , , , , , , , , , , , , , , , , , , , , , , , , , , , , , , , , , , , , , , , , , , , , , , , , , , , , , , , , , , , , , , , , , , , , , , , , #, ]
01-02 00:00:06.856 E/LocSvc_afw(  733): W/get_extension: Invalid interface passed in
01-02 00:00:06.896 D/StatusBar.NetworkController(  795): onServiceStateChanged voiceState=1 dataState=1
01-02 00:00:06.896 D/StatusBar.NetworkController(  795): Combining data service state 1 for signal
01-02 00:00:06.896 D/StatusBar.NetworkController(  795):  No service
01-02 00:00:06.896 E/StatusBar.NetworkController(  795): updateDataNetType NETWORK_TYPE_UNKNOWN
01-02 00:00:06.896 D/StatusBar.NetworkController(  795): refreshViews: Data not connected!! Set no data type icon / Roaming
01-02 00:00:06.896 D/StatusBar.NetworkController(  795): refreshViews connected={ } level=?? combinedSignalIconId=0x0/(null) mobileLabel= wifiLabel=No Internet connection emergencyOnly=false combinedLabel=No Internet connection mAirplaneMode=false mDataActivity=0 mPhoneSignalIconId=0x0 mQSPhoneSignalIconId=0x0 mDataDirectionIconId=0x0 mDataSignalIconId=0x0 mDataTypeIconId=0x0 mQSDataTypeIconId=0x0 mNoSimIconId=0x0 mWifiIconId=0x0 mQSWifiIconId=0x0 mBluetoothTetherIconId=0x10805cc
01-02 00:00:06.896 D/StatusBar.NetworkController(  795): onCallStateChanged state=0
01-02 00:00:06.896 D/StatusBar.NetworkController(  795): onDataConnectionStateChanged: state=-1 type=0
01-02 00:00:06.896 E/StatusBar.NetworkController(  795): updateDataNetType NETWORK_TYPE_UNKNOWN
01-02 00:00:06.896 D/StatusBar.NetworkController(  795): refreshViews: Data not connected!! Set no data type icon / Roaming
01-02 00:00:06.906 D/StatusBar.NetworkController(  795): refreshViews connected={ } level=?? combinedSignalIconId=0x0/(null) mobileLabel= wifiLabel=No Internet connection emergencyOnly=false combinedLabel=No Internet connection mAirplaneMode=false mDataActivity=0 mPhoneSignalIconId=0x0 mQSPhoneSignalIconId=0x0 mDataDirectionIconId=0x0 mDataSignalIconId=0x0 mDataTypeIconId=0x0 mQSDataTypeIconId=0x0 mNoSimIconId=0x0 mWifiIconId=0x0 mQSWifiIconId=0x0 mBluetoothTetherIconId=0x10805cc
01-02 00:00:06.906 W/ServiceWatcher(  733): com.qualcomm.location not found
01-02 00:00:06.906 W/ServiceWatcher(  733): com.qualcomm.location not found
01-02 00:00:06.906 D/StatusBar.NetworkController(  795): onDataActivity: direction=0
01-02 00:00:06.906 D/StatusBar.NetworkController(  795): refreshViews: Data not connected!! Set no data type icon / Roaming
01-02 00:00:06.906 D/StatusBar.NetworkController(  795): refreshViews connected={ } level=?? combinedSignalIconId=0x0/(null) mobileLabel= wifiLabel=No Internet connection emergencyOnly=false combinedLabel=No Internet connection mAirplaneMode=false mDataActivity=0 mPhoneSignalIconId=0x0 mQSPhoneSignalIconId=0x0 mDataDirectionIconId=0x0 mDataSignalIconId=0x0 mDataTypeIconId=0x0 mQSDataTypeIconId=0x0 mNoSimIconId=0x0 mWifiIconId=0x0 mQSWifiIconId=0x0 mBluetoothTetherIconId=0x10805cc
01-02 00:00:06.906 D/StatusBar.NetworkController(  795): onSignalStrengthsChanged signalStrength=SignalStrength: 99 -1 -1 -1 -1 -1 -1 99 2147483647 2147483647 2147483647 2147483647 2147483647 gsm|lte level=0
01-02 00:00:06.906 D/StatusBar.NetworkController(  795):  No service
01-02 00:00:06.906 D/StatusBar.NetworkController(  795): refreshViews: Data not connected!! Set no data type icon / Roaming
01-02 00:00:06.906 D/StatusBar.NetworkController(  795): refreshViews connected={ } level=0 combinedSignalIconId=0x0/(null) mobileLabel= wifiLabel=No Internet connection emergencyOnly=false combinedLabel=No Internet connection mAirplaneMode=false mDataActivity=0 mPhoneSignalIconId=0x0 mQSPhoneSignalIconId=0x0 mDataDirectionIconId=0x0 mDataSignalIconId=0x0 mDataTypeIconId=0x0 mQSDataTypeIconId=0x0 mNoSimIconId=0x0 mWifiIconId=0x0 mQSWifiIconId=0x0 mBluetoothTetherIconId=0x10805cc
01-02 00:00:06.916 E/FlpHardwareProvider(  733): Error hw_get_module 'flp': -2
01-02 00:00:06.916 W/ServiceWatcher(  733): com.qualcomm.location not found
01-02 00:00:06.916 E/FlpHardwareProvider(  733): Error hw_get_module 'flp': -2
01-02 00:00:06.916 I/CommonTimeManagementService(  733): No common time service detected on this platform.  Common time services will be unavailable.
01-02 00:00:06.926 I/InputReader(  733): Reconfiguring input devices.  changes=0x00000020
01-02 00:00:06.936 I/InputReader(  733): Reconfiguring input devices.  changes=0x00000010
01-02 00:00:06.936 I/Choreographer(  795): Skipped 35 frames!  The application may be doing too much work on its main thread.
01-02 00:00:06.946 E/LocSvc_eng(  733): I/===> int loc_eng_init(loc_eng_data_s_type&, LocCallbacks*, LOC_API_ADAPTER_EVENT_MASK_T, loc_core::ContextBase*) line 1494 
01-02 00:00:06.956 I/LatinIME(  902): Hardware accelerated drawing: true
01-02 00:00:06.956 D/GpsLocationProvider(  733): set_capabilities_callback: 49u
01-02 00:00:06.976 E/Diag_Lib(  446): [IMS_DataD] imsdatad.c | 4273 | | 446 |ims_dcm_handler_func : check read event on wifi fd -1
01-02 00:00:06.976 E/Diag_Lib(  469): [IMS_FATAL]| 4335 | 493 |ims-rtp-daemon ims_rtp_qmi_handler_thread_func waiting on select thread>
01-02 00:00:06.976 I/rmt_storage(  333): rmt_storage_connect_cb: clnt_h=0x1 conn_h=0xb8b193f8
01-02 00:00:06.976 I/rmt_storage(  333): rmt_storage_open_cb: /boot/modem_fs1: clnt_h=0x1: req_h=0x1 msg_id=1: Client found
01-02 00:00:06.976 I/rmt_storage(  333): rmt_storage_open_cb: /boot/modem_fs1: clnt_h=0x1: req_h=0x1 msg_id=1: Send response: res=0 err=0
01-02 00:00:06.976 I/rmt_storage(  333): rmt_storage_connect_cb: clnt_h=0x2 conn_h=0xb8b19450
01-02 00:00:06.976 I/rmt_storage(  333): rmt_storage_open_cb: /boot/modem_fs2: clnt_h=0x2: req_h=0x2 msg_id=1: Client found
01-02 00:00:06.976 I/rmt_storage(  333): rmt_storage_open_cb: /boot/modem_fs2: clnt_h=0x2: req_h=0x2 msg_id=1: Send response: res=0 err=0
01-02 00:00:06.976 I/rmt_storage(  333): rmt_storage_client_thread: /boot/modem_fs1: clnt_h=0x1 Worker thread started
01-02 00:00:06.976 I/rmt_storage(  333): wake lock name: rmt_storage_-1196321480, name creation success: 23
01-02 00:00:06.976 I/rmt_storage(  333): rmt_storage_connect_cb: clnt_h=0x3 conn_h=0xb8b194a8
01-02 00:00:06.976 I/rmt_storage(  333): rmt_storage_open_cb: /boot/modem_fsg: clnt_h=0x3: req_h=0x3 msg_id=1: Client found
01-02 00:00:06.976 I/rmt_storage(  333): rmt_storage_open_cb: /boot/modem_fsg: clnt_h=0x3: req_h=0x3 msg_id=1: Send response: res=0 err=0
01-02 00:00:06.976 I/rmt_storage(  333): rmt_storage_alloc_buff_cb: /boot/modem_fs1: clnt_h=0x1: req_h=0x4 msg_id=4: Alloc request received: Size: 262144
01-02 00:00:06.976 I/rmt_storage(  333): rmt_storage_alloc_buff_cb: /boot/modem_fs1: clnt_h=0x1: req_h=0x4 msg_id=4: Send response: res=0 err=0
01-02 00:00:06.976 I/rmt_storage(  333): rmt_storage_client_thread: /boot/modem_fsg: clnt_h=0x3 Worker thread started
01-02 00:00:06.976 I/rmt_storage(  333): wake lock name: rmt_storage_-1196320048, name creation success: 23
01-02 00:00:06.976 I/rmt_storage(  333): rmt_storage_rw_iovec_cb: /boot/modem_fs1: clnt_h=0x1: req_h=0x5 msg_id=3: R/W request received
01-02 00:00:06.976 I/rmt_storage(  333): Shared mem address set to 0xb6b25000
01-02 00:00:06.976 I/rmt_storage(  333): wakelock acquired: 1, error no: 42
01-02 00:00:06.976 I/rmt_storage(  333): rmt_storage_client_thread: /boot/modem_fs1: clnt_h=0x1 Unblock worker thread (th_id: -1196321480)
01-02 00:00:06.976 I/rmt_storage(  333): rmt_storage_client_thread: /boot/modem_fs1: clnt_h=0x1: req_h=0x5 msg_id=3: Bytes read = 512
01-02 00:00:06.976 I/rmt_storage(  333): rmt_storage_client_thread: /boot/modem_fs1: clnt_h=0x1: req_h=0x5 msg_id=3: Bytes read = 512
01-02 00:00:06.976 I/rmt_storage(  333): rmt_storage_client_thread: /boot/modem_fs1: clnt_h=0x1: req_h=0x5 msg_id=3: Send response: res=0 err=0
01-02 00:00:06.976 I/rmt_storage(  333): rmt_storage_client_thread: /boot/modem_fs1: clnt_h=0x1 About to block rmt_storage client thread (th_id: -1196321480) wakelock released: 1, error no: 0
01-02 00:00:06.976 I/rmt_storage(  333): 
01-02 00:00:06.976 I/rmt_storage(  333): rmt_storage_rw_iovec_cb: /boot/modem_fs2: clnt_h=0x2: req_h=0x6 msg_id=3: R/W request received
01-02 00:00:06.976 I/rmt_storage(  333): Shared mem address set to 0xb6b25000
01-02 00:00:06.976 I/rmt_storage(  333): wakelock acquired: 1, error no: 42
01-02 00:00:06.986 I/rmt_storage(  333): rmt_storage_client_thread: /boot/modem_fs2: clnt_h=0x2 Worker thread started
01-02 00:00:06.986 I/rmt_storage(  333): wake lock name: rmt_storage_-1196320632, name creation success: 23
01-02 00:00:06.986 I/rmt_storage(  333): rmt_storage_client_thread: /boot/modem_fs2: clnt_h=0x2: req_h=0x6 msg_id=3: Bytes read = 512
01-02 00:00:06.986 I/rmt_storage(  333): rmt_storage_client_thread: /boot/modem_fs2: clnt_h=0x2: req_h=0x6 msg_id=3: Bytes read = 512
01-02 00:00:06.986 I/rmt_storage(  333): rmt_storage_client_thread: /boot/modem_fs2: clnt_h=0x2: req_h=0x6 msg_id=3: Send response: res=0 err=0
01-02 00:00:06.986 I/rmt_storage(  333): rmt_storage_client_thread: /boot/modem_fs2: clnt_h=0x2 About to block rmt_storage client thread (th_id: -1196320632) wakelock released: 0, error no: 22
01-02 00:00:06.986 I/rmt_storage(  333): 
01-02 00:00:07.046 W/QCNEJ   (  733): |CORE| getWwanInfo(): Null Pointer Exceptionjava.lang.NullPointerException
01-02 00:00:07.046 I/rmt_storage(  333): rmt_storage_rw_iovec_cb: /boot/modem_fs1: clnt_h=0x1: req_h=0x7 msg_id=3: R/W request received
01-02 00:00:07.046 I/rmt_storage(  333): wakelock acquired: 1, error no: 42
01-02 00:00:07.046 I/rmt_storage(  333): rmt_storage_client_thread: /boot/modem_fs1: clnt_h=0x1 Unblock worker thread (th_id: -1196321480)
01-02 00:00:07.046 W/QCNEJ   (  733): |CORE| sendWwanStatus: null TelephonyManager or CneWwanInfo
01-02 00:00:07.056 I/rmt_storage(  333): rmt_storage_client_thread: /boot/modem_fs1: clnt_h=0x1: req_h=0x7 msg_id=3: Bytes read = 261120
01-02 00:00:07.056 I/rmt_storage(  333): rmt_storage_client_thread: /boot/modem_fs1: clnt_h=0x1: req_h=0x7 msg_id=3: Send response: res=0 err=0
01-02 00:00:07.056 I/rmt_storage(  333): rmt_storage_client_thread: /boot/modem_fs1: clnt_h=0x1 About to block rmt_storage client thread (th_id: -1196321480) wakelock released: 1, error no: 0
01-02 00:00:07.056 I/rmt_storage(  333): 
01-02 00:00:07.056 I/Choreographer(  733): Skipped 89 frames!  The application may be doing too much work on its main thread.
01-02 00:00:07.066 V/KeyguardServiceDelegate(  733): *** Keyguard connected (yay!)
01-02 00:00:07.076 D/Tethering(  733): Exception adding default nw to upstreamIfaceTypes: java.lang.NullPointerException
01-02 00:00:07.116 D/PhoneStatusBar(  795): mSettingsPanelGravity = 55
01-02 00:00:07.136 W/ResourceType(  733): Failure getting entry for 0x7f060000 (t=5 e=0) in package 0 (error -75)
01-02 00:00:07.146 D/StatusBar.NetworkController(  795): refreshViews: Data not connected!! Set no data type icon / Roaming
01-02 00:00:07.146 E/Diag_Lib(  446): [IMS_DataD] imsdatad.c | 4273 | | 446 |ims_dcm_handler_func : check read event on wifi fd -1
01-02 00:00:07.146 E/Diag_Lib(  469): [IMS_FATAL]| 4335 | 493 |ims-rtp-daemon ims_rtp_qmi_handler_thread_func waiting on select thread>
01-02 00:00:07.146 D/StatusBar.NetworkController(  795): refreshViews connected={ } level=0 combinedSignalIconId=0x0/(null) mobileLabel= wifiLabel=No Internet connection emergencyOnly=false combinedLabel=No Internet connection mAirplaneMode=false mDataActivity=0 mPhoneSignalIconId=0x0 mQSPhoneSignalIconId=0x0 mDataDirectionIconId=0x0 mDataSignalIconId=0x0 mDataTypeIconId=0x0 mQSDataTypeIconId=0x0 mNoSimIconId=0x0 mWifiIconId=0x0 mQSWifiIconId=0x0 mBluetoothTetherIconId=0x10805cc
01-02 00:00:07.196 E/LocSvc_api_v02(  733): I/locClientOpen:2189]: Service instance id is -1
01-02 00:00:07.196 E/LocSvc_api_v02(  733): I/---> locClientOpenInstance line 2073 loc client open
01-02 00:00:07.196 E/LocSvc_eng(  733): I/===> void loc_eng_agps_init(loc_eng_data_s_type&, AGpsExtCallbacks*) line 2065 
01-02 00:00:07.196 E/LocSvc_eng(  733): I/===> void loc_eng_ni_init(loc_eng_data_s_type&, GpsNiExtCallbacks*) line 298 
01-02 00:00:07.206 E/Geofence_Adapter(  733): I/===> void GeofenceAdapter::addGfClients(uint32_t) line 64 
01-02 00:00:07.216 D/BluetoothManagerService(  733): Message: 300
01-02 00:00:07.216 D/BluetoothManagerService(  733): MESSAGE_USER_SWITCHED
01-02 00:00:07.226 I/MediaFocusControl(  733):   Remote Control   registerMediaButtonIntent() for PendingIntent{41be6a38: PendingIntentRecord{41a838c8 android broadcastIntent}}
01-02 00:00:07.256 W/InputAttributes(  902): No editor info for this field. Bug?
01-02 00:00:07.266 I/ResourceUtils(  902): Found default value: resource=keypress_vibration_durations build=[HARDWARE=qcom MODEL=msm8960 BRAND=qcom MANUFACTURER=unknown] default=-1
01-02 00:00:07.286 I/ResourceUtils(  902): Found default value: resource=keypress_volumes build=[HARDWARE=qcom MODEL=msm8960 BRAND=qcom MANUFACTURER=unknown] default=-1.0f
01-02 00:00:07.296 V/PhoneApp(  933): onCreate()...
01-02 00:00:07.306 V/StatusBar(  795): userId 0 is in the house
01-02 00:00:07.326 I/LatinIME:LogUtils(  902): Dictionary info: dictionary = PersonalizationPredictionDictio ; version = ? ; date = 86448
01-02 00:00:07.326 I/LatinIME:LogUtils(  902): Dictionary info: dictionary = UserHistoryDictionary.en_US.dic ; version = ? ; date = 86448
01-02 00:00:07.336 I/LatinIME:LogUtils(  902): Dictionary info: dictionary = userunigram.en_US.dict ; version = ? ; date = ?
01-02 00:00:07.336 I/LatinIME:LogUtils(  902): Dictionary info: dictionary = personalization.en_US.dict ; version = ? ; date = 86448
01-02 00:00:07.376 E/Diag_Lib(  446): [IMS_DataD] imsdatad.c | 4273 | | 446 |ims_dcm_handler_func : check read event on wifi fd -1
01-02 00:00:07.376 E/Diag_Lib(  469): [IMS_FATAL]| 4335 | 493 |ims-rtp-daemon ims_rtp_qmi_handler_thread_func waiting on select thread>
01-02 00:00:07.376 E/LocSvc_api_v02(  733): I/---> locClientSendReq line 2333 QMI_LOC_REG_EVENTS_REQ_V02
01-02 00:00:07.376 I/LatinIME:LogUtils(  902): Dictionary info: dictionary = main:en ; version = 42 ; date = 1381226429
01-02 00:00:07.376 E/LocSvc_api_v02(  733): I/---> locClientSendReq line 2333 QMI_LOC_REG_EVENTS_REQ_V02
01-02 00:00:07.376 E/LocSvc_api_v02(  733): I/---> locClientSendReq line 2333 QMI_LOC_SET_PROTOCOL_CONFIG_PARAMETERS_REQ_V02
01-02 00:00:07.376 E/LocSvc_ApiV02(  733): I/<--- void globalRespCb(locClientHandleType, uint32_t, locClientRespIndUnionType, void*) line 106 QMI_LOC_SET_PROTOCOL_CONFIG_PARAMETERS_REQ_V02
01-02 00:00:07.386 E/LocSvc_api_v02(  733): I/---> locClientSendReq line 2333 QMI_LOC_SET_PROTOCOL_CONFIG_PARAMETERS_REQ_V02
01-02 00:00:07.386 E/LocSvc_ApiV02(  733): I/<--- void globalRespCb(locClientHandleType, uint32_t, locClientRespIndUnionType, void*) line 106 QMI_LOC_SET_PROTOCOL_CONFIG_PARAMETERS_REQ_V02
01-02 00:00:07.386 E/LocSvc_api_v02(  733): I/---> locClientSendReq line 2333 QMI_LOC_SET_SENSOR_CONTROL_CONFIG_REQ_V02
01-02 00:00:07.386 E/LocSvc_ApiV02(  733): I/<--- void globalRespCb(locClientHandleType, uint32_t, locClientRespIndUnionType, void*) line 106 QMI_LOC_SET_SENSOR_CONTROL_CONFIG_REQ_V02
01-02 00:00:07.386 E/LocSvc_api_v02(  733): I/---> locClientSendReq line 2333 QMI_LOC_SET_PROTOCOL_CONFIG_PARAMETERS_REQ_V02
01-02 00:00:07.386 E/LocSvc_ApiV02(  733): W/virtual loc_api_adapter_err LocApiV02::setAGLONASSProtocol(long unsigned int):1624]: Error status = eLOC_CLIENT_FAILURE_INVALID_PARAMETER, ind..status = eQMI_LOC_SUCCESS_V02 
01-02 00:00:07.386 E/LocSvc_api_v02(  733): I/---> locClientSendReq line 2333 QMI_LOC_SET_SENSOR_PERFORMANCE_CONTROL_CONFIGURATION_REQ_V02
01-02 00:00:07.396 E/LocSvc_ApiV02(  733): I/<--- void globalRespCb(locClientHandleType, uint32_t, locClientRespIndUnionType, void*) line 106 QMI_LOC_SET_SENSOR_PERFORMANCE_CONTROL_CONFIGURATION_REQ_V02
01-02 00:00:07.476 D/IccSmsInterfaceManager(  933): IccSmsInterfaceManager: initDispatchers()
01-02 00:00:07.496 D/PhoneStatusBar(  795): disable: < expand icons alerts ticker system_info back home RECENT* clock SEARCH* >
01-02 00:00:07.506 I/PrintSpoolerService( 1002): No existing print spooler state.
01-02 00:00:07.536 D/dalvikvm(  210): GC_EXPLICIT freed 39K, 76% free 2711K/10988K, paused 1ms+2ms, total 16ms
01-02 00:00:07.556 D/dalvikvm(  210): GC_EXPLICIT freed <1K, 76% free 2711K/10988K, paused 1ms+2ms, total 13ms
01-02 00:00:07.566 D/dalvikvm(  210): GC_EXPLICIT freed <1K, 76% free 2711K/10988K, paused 1ms+1ms, total 14ms
01-02 00:00:07.576 E/LocSvc_eng(  733): I/===> void loc_eng_cleanup(loc_eng_data_s_type&) line 1624 
01-02 00:00:07.576 E/LocSvc_eng(  733): I/===> int loc_eng_init(loc_eng_data_s_type&, LocCallbacks*, LOC_API_ADAPTER_EVENT_MASK_T, loc_core::ContextBase*) line 1494 
01-02 00:00:07.576 E/LocSvc_eng(  733): W/int loc_eng_init(loc_eng_data_s_type&, LocCallbacks*, LOC_API_ADAPTER_EVENT_MASK_T, loc_core::ContextBase*): log_eng state error: instance already initialized
01-02 00:00:07.576 E/LocSvc_eng(  733): I/===> void loc_eng_agps_init(loc_eng_data_s_type&, AGpsExtCallbacks*) line 2065 
01-02 00:00:07.576 E/LocSvc_eng(  733): W/void loc_eng_agps_init(loc_eng_data_s_type&, AGpsExtCallbacks*): log_eng state error: agps instance already initialized
01-02 00:00:07.576 E/LocSvc_eng(  733): I/===> void loc_eng_ni_init(loc_eng_data_s_type&, GpsNiExtCallbacks*) line 298 
01-02 00:00:07.576 V/KeyguardHostView(  795): Initial transport state: 1, pbstate=0
01-02 00:00:07.656 D/dalvikvm(  733): GC_EXPLICIT freed 1258K, 52% free 5376K/10988K, paused 4ms+5ms, total 52ms
01-02 00:00:07.726 I/PackageManager(  733):   Action: "android.intent.action.SENDTO"
01-02 00:00:07.726 I/PackageManager(  733):   Category: "android.intent.category.DEFAULT"
01-02 00:00:07.726 I/PackageManager(  733):   Scheme: "sms"
01-02 00:00:07.746 I/PackageManager(  733):   Action: "android.intent.action.SENDTO"
01-02 00:00:07.746 I/PackageManager(  733):   Category: "android.intent.category.DEFAULT"
01-02 00:00:07.746 I/PackageManager(  733):   Scheme: "smsto"
01-02 00:00:07.766 I/PackageManager(  733):   Action: "android.intent.action.SENDTO"
01-02 00:00:07.766 I/PackageManager(  733):   Category: "android.intent.category.DEFAULT"
01-02 00:00:07.766 I/PackageManager(  733):   Scheme: "mms"
01-02 00:00:07.796 I/PackageManager(  733):   Action: "android.intent.action.SENDTO"
01-02 00:00:07.796 I/PackageManager(  733):   Category: "android.intent.category.DEFAULT"
01-02 00:00:07.796 I/PackageManager(  733):   Scheme: "mmsto"
01-02 00:00:07.807 E/jdwp    ( 1047): Failed sending reply to debugger: Broken pipe
01-02 00:00:07.807 D/dalvikvm( 1047): Debugger has detached; object registry had 1 entries
01-02 00:00:07.857 W/ContextImpl(  933): Implicit intents with startService are not safe: Intent { act=org.codeaurora.ims.IImsService } android.content.ContextWrapper.bindService:517 android.content.ContextWrapper.bindService:517 com.android.phone.PhoneGlobals.createImsService:643 
01-02 00:00:07.867 D/PhoneApp(  933): IMSService bound request : false
01-02 00:00:07.867 D/NotificationMgr(  933): updateNotificationsAtStartup()...
01-02 00:00:07.877 D/NotificationMgr(  933): - start call log query...
01-02 00:00:07.887 D/BluetoothManagerService(  733): Message: 20
01-02 00:00:07.887 D/BluetoothManagerService(  733): Added callback: android.bluetooth.IBluetoothManagerCallback$Stub$Proxy@41cd9ed8:true
01-02 00:00:07.907 D/PhoneApp(  933): onCreate: mUpdateLock: android.os.UpdateLock@4197a0d8
01-02 00:00:07.907 D/CallController(  933): CallController constructor: app = com.android.phone.PhoneGlobals@41924868
01-02 00:00:07.907 D/CallerInfoCache(  933): init()
01-02 00:00:07.907 D/CallerInfoCache(  933): startAsyncCache
01-02 00:00:07.937 D/CallerInfoCache(  933): setRepeatingCacheUpdateAlarm
01-02 00:00:07.937 D/CallerInfoCache(  933): Start refreshing cache.
01-02 00:00:07.947 D/CallStateMonitor(  933): Adding Handler: Handler (com.android.phone.CallModeler) {4197dda0}
01-02 00:00:07.957 D/BluetoothManagerService(  733): Message: 30
01-02 00:00:07.967 D/CallHandlerServiceProxy(  933): init CallHandlerServiceProxy
01-02 00:00:07.967 D/CallHandlerServiceProxy(  933): CallHandlerService not conneccted. Skipping onAudioModeChange().
01-02 00:00:07.967 D/CallHandlerServiceProxy(  933): CallHandlerService not conneccted. SkippingonSupportedAudioModeChange().
01-02 00:00:07.967 D/PhoneInterfaceManager(  933): [PhoneIntfMgr] publish: com.android.phone.PhoneInterfaceManager@4198ddf0
01-02 00:00:07.977 D/CallStateMonitor(  933): Adding Handler: Handler (com.android.phone.CallNotifier) {4198ea00}
01-02 00:00:07.977 D/CallNotifier(  933): CallNotifier: mSignalInfoToneGenerator created when toneplay
01-02 00:00:07.977 D/BluetoothManagerService(  733): Message: 30
01-02 00:00:07.977 V/PhoneApp(  933): register for ICC status
01-02 00:00:07.987 D/Launcher(  964): Broadcasting Home Idle Screen Intent ...
01-02 00:00:07.997 D/PhoneUtils(  933): setAudioMode()...IDLE
01-02 00:00:07.997 D/PhoneUtils(  933): setAudioMode() no change: MODE_NORMAL
01-02 00:00:08.027 I/Choreographer(  795): Skipped 51 frames!  The application may be doing too much work on its main thread.
01-02 00:00:08.087 I/Adreno-EGL(  964): <qeglDrvAPI_eglInitialize:381>: EGL 1.4 QUALCOMM build: AU_LINUX_ANDROID_KK_2.7_RB1.04.04.02.007.040_msm8960_KK_2.7_RB1_CL3869936_release_AU (CL3869936)
01-02 00:00:08.087 I/Adreno-EGL(  964): OpenGL ES Shader Compiler Version: 17.01.12.SPL
01-02 00:00:08.087 I/Adreno-EGL(  964): Build Date: 02/24/14 Mon
01-02 00:00:08.087 I/Adreno-EGL(  964): Local Branch: 
01-02 00:00:08.087 I/Adreno-EGL(  964): Remote Branch: quic/kk_2.7_rb1.28
01-02 00:00:08.087 I/Adreno-EGL(  964): Local Patches: NONE
01-02 00:00:08.087 I/Adreno-EGL(  964): Reconstruct Branch: AU_LINUX_ANDROID_KK_2.7_RB1.04.04.02.007.040 + adff0e1 + fed91a3 + f6acee5 + 7174af8 + e088f4b +  NOTHING
01-02 00:00:08.087 V/KeyguardHostView(  795): music state changed: 0
01-02 00:00:08.107 W/QCNEJ   (  733): |CORE| getWwanInfo(): Null Pointer Exceptionjava.lang.NullPointerException
01-02 00:00:08.127 W/QCNEJ   (  733): |CORE| getWwanInfo(): Null Pointer Exceptionjava.lang.NullPointerException
01-02 00:00:08.137 W/QCNEJ   (  733): |CORE| getWwanInfo(): Null Pointer Exceptionjava.lang.NullPointerException
01-02 00:00:08.147 D/CallerInfoCache(  933): Caching entries are done. Total: 0
01-02 00:00:08.157 W/QCNEJ   (  733): |CORE| getWwanInfo(): Null Pointer Exceptionjava.lang.NullPointerException
01-02 00:00:08.157 D/TelephonyDebugService(  933): TelephonyDebugService()
01-02 00:00:08.187 D/OpenGLRenderer(  964): Enabling debug mode 0
01-02 00:00:08.227 D/dalvikvm(  733): GC_FOR_ALLOC freed 1974K, 51% free 5443K/10988K, paused 37ms, total 37ms
01-02 00:00:08.227 D/BluetoothManagerService(  733): Message: 30
01-02 00:00:08.227 D/BluetoothPhoneService(  933):  handlePreciseCallStateChange: foreground: IDLE background: IDLE ringing: IDLE
01-02 00:00:08.237 E/BluetoothPhoneService(  933): Could not get a handle on Connection object for the call
01-02 00:00:08.237 D/BluetoothPhoneService(  933): registerForServiceStateChanged
01-02 00:00:08.237 D/BluetoothPhoneService(  933): BluetoothPhoneService started
01-02 00:00:08.237 D/NotificationMgr(  933): call log query complete.
01-02 00:00:08.237 D/NotificationMgr(  933): closing call log cursor.
01-02 00:00:08.247 D/CallNotifier(  933): onMwiChanged(): false
01-02 00:00:08.247 D/NotificationMgr(  933): updateMwi(): false
01-02 00:00:08.247 D/CallNotifier(  933): onCfiChanged(): false
01-02 00:00:08.247 D/NotificationMgr(  933): updateCfi(): false
01-02 00:00:08.247 D/NotificationMgr(  933): updateNetworkSelection()...state = 1 new network 
01-02 00:00:08.247 D/PhoneApp(  933): mReceiver: ACTION_ANY_DATA_CONNECTION_STATE_CHANGED
01-02 00:00:08.247 D/PhoneApp(  933): - state: DISCONNECTED
01-02 00:00:08.247 D/PhoneApp(  933): - reason: radioTurnedOff
01-02 00:00:08.257 D/PhoneApp(  933): mReceiver: ACTION_ANY_DATA_CONNECTION_STATE_CHANGED
01-02 00:00:08.257 D/PhoneApp(  933): - state: DISCONNECTED
01-02 00:00:08.257 D/PhoneApp(  933): - reason: radioTurnedOff
01-02 00:00:08.257 D/PhoneApp(  933): mReceiver: ACTION_ANY_DATA_CONNECTION_STATE_CHANGED
01-02 00:00:08.257 D/PhoneApp(  933): - state: DISCONNECTED
01-02 00:00:08.257 D/PhoneApp(  933): - reason: radioTurnedOff
01-02 00:00:08.257 D/PhoneApp(  933): mReceiver: ACTION_ANY_DATA_CONNECTION_STATE_CHANGED
01-02 00:00:08.257 D/PhoneApp(  933): - state: DISCONNECTED
01-02 00:00:08.257 D/PhoneApp(  933): - reason: radioTurnedOff
01-02 00:00:08.257 D/PhoneApp(  933): mReceiver: ACTION_ANY_DATA_CONNECTION_STATE_CHANGED
01-02 00:00:08.257 D/PhoneApp(  933): - state: DISCONNECTED
01-02 00:00:08.257 D/PhoneApp(  933): - reason: radioTurnedOff
01-02 00:00:08.257 D/PhoneApp(  933): mReceiver: ACTION_ANY_DATA_CONNECTION_STATE_CHANGED
01-02 00:00:08.257 D/PhoneApp(  933): - state: DISCONNECTED
01-02 00:00:08.257 D/PhoneApp(  933): - reason: radioTurnedOff
01-02 00:00:08.257 D/PhoneApp(  933): mReceiver: ACTION_ANY_DATA_CONNECTION_STATE_CHANGED
01-02 00:00:08.257 D/PhoneApp(  933): - state: DISCONNECTED
01-02 00:00:08.257 D/PhoneApp(  933): - reason: radioTurnedOff
01-02 00:00:08.257 D/PhoneApp(  933): mReceiver: ACTION_ANY_DATA_CONNECTION_STATE_CHANGED
01-02 00:00:08.257 D/PhoneApp(  933): - state: DISCONNECTED
01-02 00:00:08.257 D/PhoneApp(  933): - reason: radioTurnedOff
01-02 00:00:08.257 D/PhoneApp(  933): mReceiver: ACTION_ANY_DATA_CONNECTION_STATE_CHANGED
01-02 00:00:08.257 D/PhoneApp(  933): - state: DISCONNECTED
01-02 00:00:08.257 D/PhoneApp(  933): - reason: radioTurnedOff
01-02 00:00:08.257 D/PhoneApp(  933): mReceiver: ACTION_ANY_DATA_CONNECTION_STATE_CHANGED
01-02 00:00:08.257 D/PhoneApp(  933): - state: DISCONNECTED
01-02 00:00:08.257 D/PhoneApp(  933): - reason: radioTurnedOff
01-02 00:00:08.257 D/PhoneApp(  933): mReceiver: ACTION_ANY_DATA_CONNECTION_STATE_CHANGED
01-02 00:00:08.257 D/PhoneApp(  933): - state: DISCONNECTED
01-02 00:00:08.257 D/PhoneApp(  933): - reason: radioTurnedOff
01-02 00:00:08.257 D/PhoneApp(  933): mReceiver: ACTION_ANY_DATA_CONNECTION_STATE_CHANGED
01-02 00:00:08.257 D/PhoneApp(  933): - state: DISCONNECTED
01-02 00:00:08.257 D/PhoneApp(  933): - reason: radioTurnedOff
01-02 00:00:08.257 D/PhoneApp(  933): mReceiver: ACTION_ANY_DATA_CONNECTION_STATE_CHANGED
01-02 00:00:08.257 D/PhoneApp(  933): - state: DISCONNECTED
01-02 00:00:08.257 D/PhoneApp(  933): - reason: radioTurnedOff
01-02 00:00:08.257 D/PhoneApp(  933): mReceiver: ACTION_ANY_DATA_CONNECTION_STATE_CHANGED
01-02 00:00:08.257 D/PhoneApp(  933): - state: DISCONNECTED
01-02 00:00:08.257 D/PhoneApp(  933): - reason: radioTurnedOff
01-02 00:00:08.257 D/PhoneApp(  933): mReceiver: ACTION_ANY_DATA_CONNECTION_STATE_CHANGED
01-02 00:00:08.267 D/PhoneApp(  933): - state: DISCONNECTED
01-02 00:00:08.267 D/PhoneApp(  933): - reason: radioTurnedOff
01-02 00:00:08.267 D/PhoneApp(  933): mReceiver: ACTION_ANY_DATA_CONNECTION_STATE_CHANGED
01-02 00:00:08.267 D/PhoneApp(  933): - state: DISCONNECTED
01-02 00:00:08.267 D/PhoneApp(  933): - reason: radioTurnedOff
01-02 00:00:08.267 D/PhoneApp(  933): mReceiver: ACTION_ANY_DATA_CONNECTION_STATE_CHANGED
01-02 00:00:08.267 D/PhoneApp(  933): - state: DISCONNECTED
01-02 00:00:08.267 D/PhoneApp(  933): - reason: dataDetached
01-02 00:00:08.267 D/PhoneApp(  933): mReceiver: ACTION_ANY_DATA_CONNECTION_STATE_CHANGED
01-02 00:00:08.267 D/PhoneApp(  933): - state: DISCONNECTED
01-02 00:00:08.267 D/PhoneApp(  933): - reason: dataDetached
01-02 00:00:08.267 D/PhoneApp(  933): mReceiver: ACTION_ANY_DATA_CONNECTION_STATE_CHANGED
01-02 00:00:08.267 D/PhoneApp(  933): - state: DISCONNECTED
01-02 00:00:08.267 D/PhoneApp(  933): - reason: dataDetached
01-02 00:00:08.267 D/PhoneApp(  933): mReceiver: ACTION_ANY_DATA_CONNECTION_STATE_CHANGED
01-02 00:00:08.267 D/PhoneApp(  933): - state: DISCONNECTED
01-02 00:00:08.267 D/PhoneApp(  933): - reason: dataDetached
01-02 00:00:08.267 D/PhoneApp(  933): mReceiver: ACTION_ANY_DATA_CONNECTION_STATE_CHANGED
01-02 00:00:08.267 D/PhoneApp(  933): - state: DISCONNECTED
01-02 00:00:08.267 D/PhoneApp(  933): - reason: dataDetached
01-02 00:00:08.267 D/PhoneApp(  933): mReceiver: ACTION_ANY_DATA_CONNECTION_STATE_CHANGED
01-02 00:00:08.267 D/PhoneApp(  933): - state: DISCONNECTED
01-02 00:00:08.267 D/PhoneApp(  933): - reason: dataDetached
01-02 00:00:08.267 D/PhoneApp(  933): mReceiver: ACTION_ANY_DATA_CONNECTION_STATE_CHANGED
01-02 00:00:08.267 D/PhoneApp(  933): - state: DISCONNECTED
01-02 00:00:08.267 D/PhoneApp(  933): - reason: dataDetached
01-02 00:00:08.267 D/PhoneApp(  933): mReceiver: ACTION_ANY_DATA_CONNECTION_STATE_CHANGED
01-02 00:00:08.267 D/PhoneApp(  933): - state: DISCONNECTED
01-02 00:00:08.267 D/PhoneApp(  933): - reason: dataDetached
