01-02 00:00:30.328 D/AlertService( 1387): No fired or scheduled alerts
01-02 00:00:30.369 D/AlertService( 1387): Scheduling next alarm with AlarmScheduler. sEventReminderReceived: null
01-02 00:00:30.379 D/AlarmScheduler( 1387): No events found starting within 1 week.
01-02 00:00:33.081 I/QCNEJ   (  733): |CORE:COM:RCVR| CNE creating socket
01-02 00:00:37.085 I/QCNEJ   (  733): |CORE:COM:RCVR| CNE creating socket
01-02 00:00:37.085 W/QCNEJ   (  733): |CORE:COM:RCVR| Couldn't find 'cnd' socket after 8 times, continuing to retry silently
01-02 00:00:39.577 D/SurfaceFlinger(  209): Screen released, type=0 flinger=0xb85cb450
01-02 00:00:39.588 D/qdhwcomposer(  209): hwc_blank: Blanking display: 0
01-02 00:00:39.618 V/AudioHardwareALSA(  212): virtual android::status_t android_audio_legacy::AudioHardwareALSA::setParameters(const android::String8&)() ,screen_state=off
01-02 00:00:39.628 V/KeyguardHostView(  795): Initial transport state: 1, pbstate=0
01-02 00:00:39.648 D/qdhwcomposer(  209): hwc_blank: Done blanking display: 0
01-02 00:00:39.768 D/dalvikvm(  733): GC_FOR_ALLOC freed 2016K, 50% free 5593K/10988K, paused 91ms, total 92ms
01-02 00:00:39.828 D/dalvikvm(  795): GC_FOR_ALLOC freed 2168K, 42% free 8245K/14060K, paused 20ms, total 20ms
01-02 00:00:39.928 V/KeyguardHostView(  795): music state changed: 0
01-02 00:00:41.019 D/InitAlarmsService( 1387): Clearing and rescheduling alarms.
01-02 00:00:41.079 I/QCNEJ   (  733): |CORE:COM:RCVR| CNE creating socket
01-02 00:00:45.083 I/QCNEJ   (  733): |CORE:COM:RCVR| CNE creating socket
01-02 00:00:49.077 I/QCNEJ   (  733): |CORE:COM:RCVR| CNE creating socket
01-02 00:00:53.081 I/QCNEJ   (  733): |CORE:COM:RCVR| CNE creating socket
01-02 00:00:54.032 E/QCALOG  (  385): [MessageQ] ProcessNewMessage: [LOWI-SERVER] unknown deliver target [OS-Agent]
01-02 00:00:57.085 I/QCNEJ   (  733): |CORE:COM:RCVR| CNE creating socket
01-02 00:00:58.076 W/OSAL    (  335): CIGSDManager::virtual void CIGSDManager::maintenanceRequest()() Maintenance completed successfully
01-02 00:00:58.076 E/OSAL    (  335): alarm_service_connect: connect failed: No such file or directory
01-02 00:00:58.076 E/OSAL    (  335): alarm_send_wakeup_time: Invalid socket -1
01-02 00:01:01.088 I/QCNEJ   (  733): |CORE:COM:RCVR| CNE creating socket
01-02 00:01:05.092 I/QCNEJ   (  733): |CORE:COM:RCVR| CNE creating socket
01-02 00:01:07.084 D/ConnectivityServiceHSM(  733): Actual State: DefaultConnectivityState, Current State: DefaultConnectivityState.processMessage what=115
01-02 00:01:08.946 I/MediaFocusControl(  733):  AudioFocus  abandonAudioFocus() from android.media.AudioManager@41911628com.android.music.MediaPlaybackService$3@419104a8
01-02 00:01:09.096 I/QCNEJ   (  733): |CORE:COM:RCVR| CNE creating socket
01-02 00:01:09.146 V/MusicFXControlPanelReceiver( 1623): onReceive
01-02 00:01:09.146 V/MusicFXControlPanelReceiver( 1623): Action: android.media.action.CLOSE_AUDIO_EFFECT_CONTROL_SESSION
01-02 00:01:09.146 V/MusicFXControlPanelReceiver( 1623): Package name: com.android.music
01-02 00:01:09.146 V/MusicFXControlPanelReceiver( 1623): Audio session: 6
01-02 00:01:09.156 V/MusicFXControlPanelEffect( 1623): closeSession(android.app.ReceiverRestrictedContext@41910128, com.android.music, 6)
01-02 00:01:13.100 I/QCNEJ   (  733): |CORE:COM:RCVR| CNE creating socket
01-02 00:01:17.104 I/QCNEJ   (  733): |CORE:COM:RCVR| CNE creating socket
01-02 00:01:21.108 I/QCNEJ   (  733): |CORE:COM:RCVR| CNE creating socket
01-02 00:01:25.102 I/QCNEJ   (  733): |CORE:COM:RCVR| CNE creating socket
01-02 00:01:26.834 D/dalvikvm(  733): Debugger has detached; object registry had 1 entries
01-02 00:01:26.834 D/dalvikvm(  795): Debugger has detached; object registry had 1 entries
01-02 00:01:26.844 D/dalvikvm(  933): Debugger has detached; object registry had 1 entries
01-02 00:01:26.844 D/dalvikvm(  940): Debugger has detached; object registry had 1 entries
01-02 00:01:26.844 D/dalvikvm(  964): Debugger has detached; object registry had 1 entries
01-02 00:01:26.844 D/dalvikvm( 1024): Debugger has detached; object registry had 1 entries
01-02 00:01:26.864 D/dalvikvm(  902): Debugger has detached; object registry had 1 entries
01-02 00:01:26.864 D/dalvikvm( 1002): Debugger has detached; object registry had 1 entries
01-02 00:01:26.864 D/dalvikvm( 1047): Debugger has detached; object registry had 1 entries
01-02 00:01:26.874 D/dalvikvm( 1087): Debugger has detached; object registry had 1 entries
01-02 00:01:26.874 D/dalvikvm( 1178): Debugger has detached; object registry had 1 entries
01-02 00:01:26.874 D/dalvikvm( 1253): Debugger has detached; object registry had 1 entries
01-02 00:01:26.874 D/dalvikvm( 1307): Debugger has detached; object registry had 1 entries
01-02 00:01:26.874 D/dalvikvm( 1339): Debugger has detached; object registry had 1 entries
01-02 00:01:26.894 D/dalvikvm( 1354): Debugger has detached; object registry had 1 entries
01-02 00:01:26.894 D/dalvikvm( 1367): Debugger has detached; object registry had 1 entries
01-02 00:01:26.894 D/dalvikvm( 1387): Debugger has detached; object registry had 1 entries
01-02 00:01:26.894 D/dalvikvm( 1442): Debugger has detached; object registry had 1 entries
01-02 00:01:26.894 D/dalvikvm( 1456): Debugger has detached; object registry had 1 entries
01-02 00:01:26.894 D/dalvikvm( 1476): Debugger has detached; object registry had 1 entries
01-02 00:01:26.894 D/dalvikvm( 1499): Debugger has detached; object registry had 1 entries
01-02 00:01:26.904 D/dalvikvm( 1512): Debugger has detached; object registry had 1 entries
01-02 00:01:26.904 D/dalvikvm( 1623): Debugger has detached; object registry had 1 entries
01-02 00:01:26.944 D/dalvikvm(  864): Debugger has detached; object registry had 1 entries
01-02 00:01:26.944 D/dalvikvm(  886): Debugger has detached; object registry had 1 entries
01-02 00:01:29.106 I/QCNEJ   (  733): |CORE:COM:RCVR| CNE creating socket
01-02 00:01:33.110 I/QCNEJ   (  733): |CORE:COM:RCVR| CNE creating socket
01-02 00:01:37.104 I/QCNEJ   (  733): |CORE:COM:RCVR| CNE creating socket
01-02 00:01:41.108 I/QCNEJ   (  733): |CORE:COM:RCVR| CNE creating socket
01-02 00:01:45.111 I/QCNEJ   (  733): |CORE:COM:RCVR| CNE creating socket
01-02 00:01:49.115 I/QCNEJ   (  733): |CORE:COM:RCVR| CNE creating socket
01-02 00:01:53.109 I/QCNEJ   (  733): |CORE:COM:RCVR| CNE creating socket
01-02 00:01:53.259 I/QCNEA   (  254): |CAC| CAS is enabled
01-02 00:01:53.259 I/QCNEA   (  254): |CAC| [CNE CLIENT STATE MACHINE] transition NOT_CONNECTED_NOT_ATTEMPTED -> CONNECTING
01-02 00:01:53.259 D/QCNEA   (  254): |CAC| Connected to server socket: 19
01-02 00:01:53.259 I/QCNEA   (  254): |CAC| [CNE CLIENT STATE MACHINE] transition CONNECTING -> CONNECTED_PENDING_PERM_RESPONSE
01-02 00:01:53.259 D/QCNEA   (  254): |CAC| In monitor thread, performing select
01-02 00:01:53.259 D/QCNEA   (  254): |CAC| readCallback: read len:12, ret:0, errno:0
01-02 00:01:53.269 I/QCNEA   (  254): |CAC| [CNE CLIENT STATE MACHINE] transition CONNECTED_PENDING_PERM_RESPONSE -> CONNECTED_ACCESS_ALLOWED
01-02 00:01:53.269 D/QCNEA   (  254): |CAC| sendToCne: parcel created with size 16
01-02 00:01:53.269 D/QCNEA   (  254): |CAC| writeRaw: Req 4 bytes to write; wrote 4 bytes
01-02 00:01:53.269 D/QCNEA   (  254): |CAC| writeRaw: Req 16 bytes to write; wrote 16 bytes
01-02 00:01:53.269 V/QCNEA   (  254): |CAC| CneCli: requesting to start net config notification: success
01-02 00:01:53.269 I/QCNEA   (  254): |CAC| successfully registered feature observer signals
01-02 00:01:53.269 D/QCNEA   (  254): |CAC| readCallback: read len:64, ret:0, errno:0
01-02 00:01:53.269 D/QCNEA   (  254): |CAC| updateWwanNetCfgInfo
01-02 00:01:53.269 D/QCNEA   (  254): |CAC| updateNetCfgInfo
01-02 00:01:53.269 V/QCNEA   (  254): |CAC| *********************************************
01-02 00:01:53.269 V/QCNEA   (  254): |CAC|                   Netconfig               
01-02 00:01:53.279 V/QCNEA   (  254): |CAC| *********************************************
01-02 00:01:53.279 V/QCNEA   (  254): |CAC| 	NetConfig: Net type   =3
01-02 00:01:53.279 V/QCNEA   (  254): |CAC| 	NetConfig: subtype rl =0
01-02 00:01:53.279 V/QCNEA   (  254): |CAC| 	NetConfig:         fl =0
01-02 00:01:53.279 V/QCNEA   (  254): |CAC| 	NetConfig: ip4        =0.0.0.0
01-02 00:01:53.279 V/QCNEA   (  254): |CAC| 	NetConfig: ip6        =::
01-02 00:01:53.279 V/QCNEA   (  254): |CAC| 	NetConfig: mtu        =0
01-02 00:01:53.279 V/QCNEA   (  254): |CAC| 	NetConfig: Default    =true
01-02 00:01:53.279 V/QCNEA   (  254): |CAC| *********************************************
01-02 00:01:53.279 D/QCNEA   (  254): |CAC| updateCache: CAS_WWAN_NETCFG_INFO
01-02 00:01:53.279 D/QCNEA   (  254): |CAC| readCallback: read len:0, ret:-1, errno:11
01-02 00:01:54.030 E/QCALOG  (  385): [MessageQ] ProcessNewMessage: [LOWI-SERVER] unknown deliver target [OS-Agent]
01-02 00:01:57.113 I/QCNEJ   (  733): |CORE:COM:RCVR| CNE creating socket
01-02 00:01:57.113 I/QCNEJ   (  733): |CORE:COM:RCVR| Connected to 'cnd' socket
01-02 00:01:57.123 W/QCNEJ   (  733): |CORE| UNKOWN Unsolicited Event 25
01-02 00:01:57.123 I/QCNEJ   (  733): |CORE| CNE_REQUEST_GET_BROWSERS_INFO_LIST received
01-02 00:01:57.133 I/QCNEJ   (  733): |CORE| CNE_NOTIFY_FEATURE_STATUS received
01-02 00:01:57.133 I/QCNEJ   (  733): |CORE| CNE_NOTIFY_FEATURE_STATUS received
01-02 00:01:57.133 I/QCNEJ   (  733): |CORE| CNE_NOTIFY_FEATURE_STATUS received
01-02 00:01:58.124 W/QCNEJ   (  733): |CORE| getWwanInfo(): Null Pointer Exceptionjava.lang.NullPointerException
01-02 00:01:58.124 E/QCNEJ   (  733): |CORE| Feature WQE is not enabled
01-02 00:01:58.124 E/Parcel  (  254): Reading a NULL string not supported here.
01-02 00:01:58.124 E/Parcel  (  254): Reading a NULL string not supported here.
01-02 00:01:58.124 E/Parcel  (  254): Reading a NULL string not supported here.
01-02 00:01:58.124 E/Parcel  (  254): Reading a NULL string not supported here.
01-02 00:01:58.124 E/Parcel  (  254): Reading a NULL string not supported here.
01-02 00:02:54.029 E/QCALOG  (  385): [MessageQ] ProcessNewMessage: [LOWI-SERVER] unknown deliver target [OS-Agent]
01-02 00:03:54.037 E/QCALOG  (  385): [MessageQ] ProcessNewMessage: [LOWI-SERVER] unknown deliver target [OS-Agent]
01-02 00:04:54.036 E/QCALOG  (  385): [MessageQ] ProcessNewMessage: [LOWI-SERVER] unknown deliver target [OS-Agent]
01-02 00:05:54.034 E/QCALOG  (  385): [MessageQ] ProcessNewMessage: [LOWI-SERVER] unknown deliver target [OS-Agent]
01-02 00:06:54.033 E/QCALOG  (  385): [MessageQ] ProcessNewMessage: [LOWI-SERVER] unknown deliver target [OS-Agent]
01-02 00:07:54.031 E/QCALOG  (  385): [MessageQ] ProcessNewMessage: [LOWI-SERVER] unknown deliver target [OS-Agent]
01-02 00:08:54.040 E/QCALOG  (  385): [MessageQ] ProcessNewMessage: [LOWI-SERVER] unknown deliver target [OS-Agent]
01-02 00:09:54.038 E/QCALOG  (  385): [MessageQ] ProcessNewMessage: [LOWI-SERVER] unknown deliver target [OS-Agent]
01-02 00:10:54.037 E/QCALOG  (  385): [MessageQ] ProcessNewMessage: [LOWI-SERVER] unknown deliver target [OS-Agent]
01-02 00:11:54.036 E/QCALOG  (  385): [MessageQ] ProcessNewMessage: [LOWI-SERVER] unknown deliver target [OS-Agent]
01-02 00:12:54.034 E/QCALOG  (  385): [MessageQ] ProcessNewMessage: [LOWI-SERVER] unknown deliver target [OS-Agent]
01-02 00:13:07.147 D/ConnectivityServiceHSM(  733): Actual State: DefaultConnectivityState, Current State: DefaultConnectivityState.processMessage what=115
01-02 13:00:02.061 D/QC-time-services(  269): Daemon:genoff_boot_tod_init: Setting system time to sec =9, nsec =0
